.next/types/app/api/analytics/export/download/[jobId]/route.ts(52,7): error TS2344: Type '{ __tag__: "GET"; __param_position__: "second"; __param_type__: { params: { jobId: string; }; }; }' does not satisfy the constraint 'ParamCheck<RouteContext>'.
  The types of '__param_type__.params' are incompatible between these types.
    Type '{ jobId: string; }' is missing the following properties from type 'Promise<any>': then, catch, finally, [Symbol.toStringTag]
.next/types/validator.ts(792,31): error TS2344: Type 'typeof import("C:/Users/prett/OneDrive/Desktop/projects/SoloSuccess-AI/app/api/analytics/export/download/[jobId]/route")' does not satisfy the constraint 'RouteHandlerConfig<"/api/analytics/export/download/[jobId]">'.
  Types of property 'GET' are incompatible.
    Type '(request: NextRequest, { params }: { params: { jobId: string; }; }) => Promise<NextResponse<unknown>>' is not assignable to type '(request: NextRequest, context: { params: Promise<{ jobId: string; }>; }) => void | Response | Promise<void | Response>'.
      Types of parameters '__1' and 'context' are incompatible.
        Type '{ params: Promise<{ jobId: string; }>; }' is not assignable to type '{ params: { jobId: string; }; }'.
          Types of property 'params' are incompatible.
            Property 'jobId' is missing in type 'Promise<{ jobId: string; }>' but required in type '{ jobId: string; }'.
app/api/analytics/export/download/[jobId]/route.ts(64,65): error TS2367: This comparison appears to be unintentional because the types '"json" | "csv"' and '"png"' have no overlap.
app/api/analytics/export/route.ts(108,7): error TS2345: Argument of type '{ generatedAt: Date; generatedBy: string; metadata: { totalRecords: number; dateRange: { start?: Date; end?: Date; }; filters: Record<string, any>; }; data?: { id?: string; ... 4 more ...; value?: string | number; }[]; description?: string; title?: string; charts?: { ...; }[]; }' is not assignable to parameter of type 'ReportData'.
  Property 'title' is optional in type '{ generatedAt: Date; generatedBy: string; metadata: { totalRecords: number; dateRange: { start?: Date; end?: Date; }; filters: Record<string, any>; }; data?: { id?: string; ... 4 more ...; value?: string | number; }[]; description?: string; title?: string; charts?: { ...; }[]; }' but required in type 'ReportData'.
app/api/briefcase/files/[id]/category/route.ts(45,36): error TS2339: Property 'category' does not exist on type 'unknown'.
app/api/briefcase/files/[id]/category/route.ts(79,28): error TS2339: Property 'category' does not exist on type 'unknown'.
app/api/briefcase/files/[id]/favorite/route.ts(30,43): error TS2339: Property 'is_favorite' does not exist on type 'unknown'.
app/api/briefcase/files/[id]/invite/route.ts(58,32): error TS2339: Property 'name' does not exist on type 'unknown'.
app/api/briefcase/files/[id]/invite/route.ts(78,65): error TS2339: Property 'name' does not exist on type 'unknown'.
app/api/briefcase/files/[id]/invite/route.ts(80,111): error TS2339: Property 'name' does not exist on type 'unknown'.
app/api/briefcase/files/[id]/invite/route.ts(86,76): error TS2339: Property 'name' does not exist on type 'unknown'.
app/api/briefcase/files/[id]/tags/route.ts(37,55): error TS2339: Property 'tags' does not exist on type 'unknown'.
app/api/briefcase/files/[id]/tags/route.ts(102,55): error TS2339: Property 'tags' does not exist on type 'unknown'.
app/api/collaboration/agents/[id]/route.ts(264,7): error TS2353: Object literal may only specify known properties, and 'maxOutputTokens' does not exist in type 'CallSettings & Prompt & { model: LanguageModelV1; tools?: ToolSet; toolChoice?: ToolChoice<ToolSet>; maxSteps?: number; ... 10 more ...; _internal?: { ...; }; }'.
app/api/collaboration/sessions/[id]/messages/route.ts(80,28): error TS2872: This kind of expression is always truthy.
app/api/incinerator/route.ts(72,13): error TS2353: Object literal may only specify known properties, and 'maxOutputTokens' does not exist in type 'CallSettings & Prompt & { model: LanguageModelV1; tools?: ToolSet; toolChoice?: ToolChoice<ToolSet>; maxSteps?: number; ... 10 more ...; _internal?: { ...; }; }'.
app/api/notifications/jobs/route.ts(158,7): error TS2322: Type '{ title?: string; icon?: string; action?: string; }[]' is not assignable to type '{ action: string; title: string; icon?: string; }[]'.
  Type '{ title?: string; icon?: string; action?: string; }' is not assignable to type '{ action: string; title: string; icon?: string; }'.
    Property 'action' is optional in type '{ title?: string; icon?: string; action?: string; }' but required in type '{ action: string; title: string; icon?: string; }'.
app/api/notifications/send/route.ts(138,9): error TS2322: Type '{ title?: string; icon?: string; action?: string; }[]' is not assignable to type '{ action: string; title: string; icon?: string; }[]'.
  Type '{ title?: string; icon?: string; action?: string; }' is not assignable to type '{ action: string; title: string; icon?: string; }'.
    Property 'action' is optional in type '{ title?: string; icon?: string; action?: string; }' but required in type '{ action: string; title: string; icon?: string; }'.
app/api/scraping/jobs/[jobId]/route.ts(207,11): error TS2322: Type '{ type?: "interval" | "manual" | "cron"; value?: string | number; timezone?: string; }' is not assignable to type 'ScrapingFrequency'.
  Property 'type' is optional in type '{ type?: "interval" | "manual" | "cron"; value?: string | number; timezone?: string; }' but required in type 'ScrapingFrequency'.
app/api/tasks/intelligence/route.ts(59,47): error TS2345: Argument of type '{ goals?: string[]; workStyle?: "collaborative" | "focused" | "flexible"; preferredWorkHours?: { start?: string; end?: string; }; energyPatterns?: { morning?: number; afternoon?: number; evening?: number; }; currentWorkload?: number; }' is not assignable to parameter of type 'Partial<{ workStyle: "collaborative" | "focused" | "flexible"; preferredWorkHours: { start: string; end: string; }; energyPatterns: { morning: number; afternoon: number; evening: number; }; currentWorkload: number; goals: string[]; }>'.
  Types of property 'preferredWorkHours' are incompatible.
    Type '{ start?: string; end?: string; }' is not assignable to type '{ start: string; end: string; }'.
      Property 'start' is optional in type '{ start?: string; end?: string; }' but required in type '{ start: string; end: string; }'.
app/auth/2fa/page.tsx(28,15): error TS2339: Property 'data' does not exist on type 'void'.
app/auth/2fa/page.tsx(28,21): error TS2339: Property 'error' does not exist on type 'void'.
app/auth/2fa/page.tsx(28,82): error TS2554: Expected 0 arguments, but got 1.
app/auth/sessions/page.tsx(64,82): error TS2554: Expected 0 arguments, but got 1.
app/dashboard/competitors/page.tsx(339,13): error TS2322: Type '{ variant: "flicker"; size: "lg"; text: string; }' is not assignable to type 'IntrinsicAttributes & LoadingProps'.
  Property 'text' does not exist on type 'IntrinsicAttributes & LoadingProps'.
app/dashboard/templates/page.tsx(502,25): error TS2322: Type '"error"' is not assignable to type '"cyan" | "magenta" | "purple" | "orange" | "outline" | "ghost" | "primary" | "secondary" | "neon" | "destructive"'.
app/dashboard/workspace/page.tsx(66,34): error TS2322: Type '{ variant: "pulse"; text: string; }' is not assignable to type 'IntrinsicAttributes & LoadingProps'.
  Property 'text' does not exist on type 'IntrinsicAttributes & LoadingProps'.
app/handler/[...stack]/page.tsx(1,10): error TS2305: Module '"@/components/ui/boss-card"' has no exported member 'EmpowermentCard'.
app/help/page.tsx(75,85): error TS2322: Type '{ children: Element[]; key: number; variant: "hover"; className: string; onClick: () => void; }' is not assignable to type 'IntrinsicAttributes & HudBorderProps'.
  Property 'onClick' does not exist on type 'IntrinsicAttributes & HudBorderProps'.
app/templates/[templateSlug]/page.tsx(37,20): error TS2322: Type '"outline"' is not assignable to type '"cyan" | "purple" | "magenta" | "lime" | "orange"'.
app/templates/[templateSlug]/page.tsx(38,20): error TS2322: Type '"default" | "secondary"' is not assignable to type '"cyan" | "purple" | "magenta" | "lime" | "orange"'.
  Type '"default"' is not assignable to type '"cyan" | "purple" | "magenta" | "lime" | "orange"'.
app/templates/page.tsx(67,78): error TS2339: Property 'name' does not exist on type 'TemplateSummary'.
playwright.config.ts(1,39): error TS2307: Cannot find module '@playwright/test' or its corresponding type declarations.
scripts/test-learning-analytics.ts(29,21): error TS2769: No overload matches this call.
  Overload 1 of 3, '(left: PgColumn<{ name: "user_id"; tableName: "user_achievements"; dataType: "string"; columnType: "PgText"; data: string; driverParam: string; notNull: true; hasDefault: false; isPrimaryKey: false; isAutoincrement: false; ... 4 more ...; generated: undefined; }, {}, {}>, right: string | SQLWrapper): SQL<...>', gave the following error.
    Argument of type 'unknown' is not assignable to parameter of type 'string | SQLWrapper'.
  Overload 2 of 3, '(left: Aliased<unknown>, right: unknown): SQL<unknown>', gave the following error.
    Argument of type 'PgColumn<{ name: "user_id"; tableName: "user_achievements"; dataType: "string"; columnType: "PgText"; data: string; driverParam: string; notNull: true; hasDefault: false; isPrimaryKey: false; isAutoincrement: false; ... 4 more ...; generated: undefined; }, {}, {}>' is not assignable to parameter of type 'Aliased<unknown>'.
      Type 'PgColumn<{ name: "user_id"; tableName: "user_achievements"; dataType: "string"; columnType: "PgText"; data: string; driverParam: string; notNull: true; hasDefault: false; isPrimaryKey: false; isAutoincrement: false; ... 4 more ...; generated: undefined; }, {}, {}>' is missing the following properties from type 'Aliased<unknown>': sql, fieldAlias
  Overload 3 of 3, '(left: never, right: unknown): SQL<unknown>', gave the following error.
    Argument of type 'PgColumn<{ name: "user_id"; tableName: "user_achievements"; dataType: "string"; columnType: "PgText"; data: string; driverParam: string; notNull: true; hasDefault: false; isPrimaryKey: false; isAutoincrement: false; ... 4 more ...; generated: undefined; }, {}, {}>' is not assignable to parameter of type 'never'.
scripts/test-learning-analytics.ts(41,24): error TS2769: No overload matches this call.
  Overload 1 of 3, '(left: PgColumn<{ name: "user_id"; tableName: "user_progress"; dataType: "string"; columnType: "PgText"; data: string; driverParam: string; notNull: true; hasDefault: false; isPrimaryKey: false; isAutoincrement: false; ... 4 more ...; generated: undefined; }, {}, {}>, right: string | SQLWrapper): SQL<...>', gave the following error.
    Argument of type 'unknown' is not assignable to parameter of type 'string | SQLWrapper'.
  Overload 2 of 3, '(left: Aliased<unknown>, right: unknown): SQL<unknown>', gave the following error.
    Argument of type 'PgColumn<{ name: "user_id"; tableName: "user_progress"; dataType: "string"; columnType: "PgText"; data: string; driverParam: string; notNull: true; hasDefault: false; isPrimaryKey: false; isAutoincrement: false; ... 4 more ...; generated: undefined; }, {}, {}>' is not assignable to parameter of type 'Aliased<unknown>'.
      Type 'PgColumn<{ name: "user_id"; tableName: "user_progress"; dataType: "string"; columnType: "PgText"; data: string; driverParam: string; notNull: true; hasDefault: false; isPrimaryKey: false; isAutoincrement: false; ... 4 more ...; generated: undefined; }, {}, {}>' is missing the following properties from type 'Aliased<unknown>': sql, fieldAlias
  Overload 3 of 3, '(left: never, right: unknown): SQL<unknown>', gave the following error.
    Argument of type 'PgColumn<{ name: "user_id"; tableName: "user_progress"; dataType: "string"; columnType: "PgText"; data: string; driverParam: string; notNull: true; hasDefault: false; isPrimaryKey: false; isAutoincrement: false; ... 4 more ...; generated: undefined; }, {}, {}>' is not assignable to parameter of type 'never'.
server/middleware/auth-DESKTOP-9A4ESGG.ts(26,6): error TS2352: Conversion of type 'Request<ParamsDictionary, any, any, ParsedQs, Record<string, any>>' to type 'AuthRequest' may be a mistake because neither type sufficiently overlaps with the other. If this was intentional, convert the expression to 'unknown' first.
  Type 'Request<ParamsDictionary, any, any, ParsedQs, Record<string, any>>' is not comparable to type '{ userId?: string; userEmail?: string; }'.
    Types of property 'userId' are incompatible.
      Type 'number' is not comparable to type 'string'.
server/middleware/auth-DESKTOP-9A4ESGG.ts(27,6): error TS2352: Conversion of type 'Request<ParamsDictionary, any, any, ParsedQs, Record<string, any>>' to type 'AuthRequest' may be a mistake because neither type sufficiently overlaps with the other. If this was intentional, convert the expression to 'unknown' first.
  Type 'Request<ParamsDictionary, any, any, ParsedQs, Record<string, any>>' is not comparable to type '{ userId?: string; userEmail?: string; }'.
    Types of property 'userId' are incompatible.
      Type 'number' is not comparable to type 'string'.
server/routes/ai.ts(5,53): error TS2305: Module '"../db/schema"' has no exported member 'boardReports'.
server/routes/ai.ts(5,67): error TS2305: Module '"../db/schema"' has no exported member 'pivotAnalyses'.
server/routes/ai.ts(5,82): error TS2305: Module '"../db/schema"' has no exported member 'warRoomSessions'.
server/routes/ai.ts(137,22): error TS2769: No overload matches this call.
  The last overload gave the following error.
    Argument of type '(req: AuthRequest, res: Response<any, Record<string, any>>, next: NextFunction) => Response<any, Record<string, any>>' is not assignable to parameter of type 'RequestHandlerParams<ParamsDictionary, any, any, ParsedQs, Record<string, any>>'.
      Type '(req: AuthRequest, res: Response<any, Record<string, any>>, next: NextFunction) => Response<any, Record<string, any>>' is not assignable to type 'RequestHandler<ParamsDictionary, any, any, ParsedQs, Record<string, any>>'.
        Types of parameters 'req' and 'req' are incompatible.
          Type 'Request<ParamsDictionary, any, any, ParsedQs, Record<string, any>>' is not assignable to type 'AuthRequest'.
            Type 'Request<ParamsDictionary, any, any, ParsedQs, Record<string, any>>' is not assignable to type '{ userId?: string; userEmail?: string; }'.
              Types of property 'userId' are incompatible.
                Type 'number' is not assignable to type 'string'.
server/routes/ai.ts(180,35): error TS2769: No overload matches this call.
  The last overload gave the following error.
    Argument of type '(req: AuthRequest, res: Response<any, Record<string, any>>, next: NextFunction) => Response<any, Record<string, any>>' is not assignable to parameter of type 'RequestHandlerParams<ParamsDictionary, any, any, ParsedQs, Record<string, any>>'.
      Type '(req: AuthRequest, res: Response<any, Record<string, any>>, next: NextFunction) => Response<any, Record<string, any>>' is not assignable to type 'RequestHandler<ParamsDictionary, any, any, ParsedQs, Record<string, any>>'.
        Types of parameters 'req' and 'req' are incompatible.
          Type 'Request<ParamsDictionary, any, any, ParsedQs, Record<string, any>>' is not assignable to type 'AuthRequest'.
            Type 'Request<ParamsDictionary, any, any, ParsedQs, Record<string, any>>' is not assignable to type '{ userId?: string; userEmail?: string; }'.
              Types of property 'userId' are incompatible.
                Type 'number' is not assignable to type 'string'.
server/routes/ai.ts(249,26): error TS2769: No overload matches this call.
  The last overload gave the following error.
    Argument of type '(req: AuthRequest, res: Response<any, Record<string, any>>, next: NextFunction) => Response<any, Record<string, any>>' is not assignable to parameter of type 'RequestHandlerParams<ParamsDictionary, any, any, ParsedQs, Record<string, any>>'.
      Type '(req: AuthRequest, res: Response<any, Record<string, any>>, next: NextFunction) => Response<any, Record<string, any>>' is not assignable to type 'RequestHandler<ParamsDictionary, any, any, ParsedQs, Record<string, any>>'.
        Types of parameters 'req' and 'req' are incompatible.
          Type 'Request<ParamsDictionary, any, any, ParsedQs, Record<string, any>>' is not assignable to type 'AuthRequest'.
            Type 'Request<ParamsDictionary, any, any, ParsedQs, Record<string, any>>' is not assignable to type '{ userId?: string; userEmail?: string; }'.
              Types of property 'userId' are incompatible.
                Type 'number' is not assignable to type 'string'.
server/routes/ai.ts(299,26): error TS2769: No overload matches this call.
  The last overload gave the following error.
    Argument of type '(req: AuthRequest, res: Response<any, Record<string, any>>, next: NextFunction) => Response<any, Record<string, any>>' is not assignable to parameter of type 'RequestHandlerParams<ParamsDictionary, any, any, ParsedQs, Record<string, any>>'.
      Type '(req: AuthRequest, res: Response<any, Record<string, any>>, next: NextFunction) => Response<any, Record<string, any>>' is not assignable to type 'RequestHandler<ParamsDictionary, any, any, ParsedQs, Record<string, any>>'.
        Types of parameters 'req' and 'req' are incompatible.
          Type 'Request<ParamsDictionary, any, any, ParsedQs, Record<string, any>>' is not assignable to type 'AuthRequest'.
            Type 'Request<ParamsDictionary, any, any, ParsedQs, Record<string, any>>' is not assignable to type '{ userId?: string; userEmail?: string; }'.
              Types of property 'userId' are incompatible.
                Type 'number' is not assignable to type 'string'.
server/routes/ai.ts(363,31): error TS2769: No overload matches this call.
  The last overload gave the following error.
    Argument of type '(req: AuthRequest, res: Response<any, Record<string, any>>, next: NextFunction) => Response<any, Record<string, any>>' is not assignable to parameter of type 'RequestHandlerParams<ParamsDictionary, any, any, ParsedQs, Record<string, any>>'.
      Type '(req: AuthRequest, res: Response<any, Record<string, any>>, next: NextFunction) => Response<any, Record<string, any>>' is not assignable to type 'RequestHandler<ParamsDictionary, any, any, ParsedQs, Record<string, any>>'.
        Types of parameters 'req' and 'req' are incompatible.
          Type 'Request<ParamsDictionary, any, any, ParsedQs, Record<string, any>>' is not assignable to type 'AuthRequest'.
            Type 'Request<ParamsDictionary, any, any, ParsedQs, Record<string, any>>' is not assignable to type '{ userId?: string; userEmail?: string; }'.
              Types of property 'userId' are incompatible.
                Type 'number' is not assignable to type 'string'.
server/routes/ai.ts(399,29): error TS2769: No overload matches this call.
  The last overload gave the following error.
    Argument of type '(req: AuthRequest, res: Response<any, Record<string, any>>, next: NextFunction) => Response<any, Record<string, any>>' is not assignable to parameter of type 'RequestHandlerParams<ParamsDictionary, any, any, ParsedQs, Record<string, any>>'.
      Type '(req: AuthRequest, res: Response<any, Record<string, any>>, next: NextFunction) => Response<any, Record<string, any>>' is not assignable to type 'RequestHandler<ParamsDictionary, any, any, ParsedQs, Record<string, any>>'.
        Types of parameters 'req' and 'req' are incompatible.
          Type 'Request<ParamsDictionary, any, any, ParsedQs, Record<string, any>>' is not assignable to type 'AuthRequest'.
            Type 'Request<ParamsDictionary, any, any, ParsedQs, Record<string, any>>' is not assignable to type '{ userId?: string; userEmail?: string; }'.
              Types of property 'userId' are incompatible.
                Type 'number' is not assignable to type 'string'.
server/routes/ai.ts(420,28): error TS2769: No overload matches this call.
  The last overload gave the following error.
    Argument of type '(req: AuthRequest, res: Response<any, Record<string, any>>, next: NextFunction) => Response<any, Record<string, any>>' is not assignable to parameter of type 'RequestHandlerParams<ParamsDictionary, any, any, ParsedQs, Record<string, any>>'.
      Type '(req: AuthRequest, res: Response<any, Record<string, any>>, next: NextFunction) => Response<any, Record<string, any>>' is not assignable to type 'RequestHandler<ParamsDictionary, any, any, ParsedQs, Record<string, any>>'.
        Types of parameters 'req' and 'req' are incompatible.
          Type 'Request<ParamsDictionary, any, any, ParsedQs, Record<string, any>>' is not assignable to type 'AuthRequest'.
            Type 'Request<ParamsDictionary, any, any, ParsedQs, Record<string, any>>' is not assignable to type '{ userId?: string; userEmail?: string; }'.
              Types of property 'userId' are incompatible.
                Type 'number' is not assignable to type 'string'.
server/routes/ai.ts(436,29): error TS2769: No overload matches this call.
  The last overload gave the following error.
    Argument of type '(req: AuthRequest, res: Response<any, Record<string, any>>, next: NextFunction) => Response<any, Record<string, any>>' is not assignable to parameter of type 'RequestHandlerParams<ParamsDictionary, any, any, ParsedQs, Record<string, any>>'.
      Type '(req: AuthRequest, res: Response<any, Record<string, any>>, next: NextFunction) => Response<any, Record<string, any>>' is not assignable to type 'RequestHandler<ParamsDictionary, any, any, ParsedQs, Record<string, any>>'.
        Types of parameters 'req' and 'req' are incompatible.
          Type 'Request<ParamsDictionary, any, any, ParsedQs, Record<string, any>>' is not assignable to type 'AuthRequest'.
            Type 'Request<ParamsDictionary, any, any, ParsedQs, Record<string, any>>' is not assignable to type '{ userId?: string; userEmail?: string; }'.
              Types of property 'userId' are incompatible.
                Type 'number' is not assignable to type 'string'.
server/routes/ai.ts(452,33): error TS2769: No overload matches this call.
  The last overload gave the following error.
    Argument of type '(req: AuthRequest, res: Response<any, Record<string, any>>, next: NextFunction) => Response<any, Record<string, any>>' is not assignable to parameter of type 'RequestHandlerParams<ParamsDictionary, any, any, ParsedQs, Record<string, any>>'.
      Type '(req: AuthRequest, res: Response<any, Record<string, any>>, next: NextFunction) => Response<any, Record<string, any>>' is not assignable to type 'RequestHandler<ParamsDictionary, any, any, ParsedQs, Record<string, any>>'.
        Types of parameters 'req' and 'req' are incompatible.
          Type 'Request<ParamsDictionary, any, any, ParsedQs, Record<string, any>>' is not assignable to type 'AuthRequest'.
            Type 'Request<ParamsDictionary, any, any, ParsedQs, Record<string, any>>' is not assignable to type '{ userId?: string; userEmail?: string; }'.
              Types of property 'userId' are incompatible.
                Type 'number' is not assignable to type 'string'.
server/routes/ai.ts(469,35): error TS2769: No overload matches this call.
  The last overload gave the following error.
    Argument of type '(req: AuthRequest, res: Response<any, Record<string, any>>, next: NextFunction) => Response<any, Record<string, any>>' is not assignable to parameter of type 'RequestHandlerParams<ParamsDictionary, any, any, ParsedQs, Record<string, any>>'.
      Type '(req: AuthRequest, res: Response<any, Record<string, any>>, next: NextFunction) => Response<any, Record<string, any>>' is not assignable to type 'RequestHandler<ParamsDictionary, any, any, ParsedQs, Record<string, any>>'.
        Types of parameters 'req' and 'req' are incompatible.
          Type 'Request<ParamsDictionary, any, any, ParsedQs, Record<string, any>>' is not assignable to type 'AuthRequest'.
            Type 'Request<ParamsDictionary, any, any, ParsedQs, Record<string, any>>' is not assignable to type '{ userId?: string; userEmail?: string; }'.
              Types of property 'userId' are incompatible.
                Type 'number' is not assignable to type 'string'.
server/routes/ai.ts(486,33): error TS2769: No overload matches this call.
  The last overload gave the following error.
    Argument of type '(req: AuthRequest, res: Response<any, Record<string, any>>, next: NextFunction) => Response<any, Record<string, any>>' is not assignable to parameter of type 'RequestHandlerParams<ParamsDictionary, any, any, ParsedQs, Record<string, any>>'.
      Type '(req: AuthRequest, res: Response<any, Record<string, any>>, next: NextFunction) => Response<any, Record<string, any>>' is not assignable to type 'RequestHandler<ParamsDictionary, any, any, ParsedQs, Record<string, any>>'.
        Types of parameters 'req' and 'req' are incompatible.
          Type 'Request<ParamsDictionary, any, any, ParsedQs, Record<string, any>>' is not assignable to type 'AuthRequest'.
            Type 'Request<ParamsDictionary, any, any, ParsedQs, Record<string, any>>' is not assignable to type '{ userId?: string; userEmail?: string; }'.
              Types of property 'userId' are incompatible.
                Type 'number' is not assignable to type 'string'.
server/routes/ai.ts(502,33): error TS2769: No overload matches this call.
  The last overload gave the following error.
    Argument of type '(req: AuthRequest, res: Response<any, Record<string, any>>, next: NextFunction) => Response<any, Record<string, any>>' is not assignable to parameter of type 'RequestHandlerParams<ParamsDictionary, any, any, ParsedQs, Record<string, any>>'.
      Type '(req: AuthRequest, res: Response<any, Record<string, any>>, next: NextFunction) => Response<any, Record<string, any>>' is not assignable to type 'RequestHandler<ParamsDictionary, any, any, ParsedQs, Record<string, any>>'.
        Types of parameters 'req' and 'req' are incompatible.
          Type 'Request<ParamsDictionary, any, any, ParsedQs, Record<string, any>>' is not assignable to type 'AuthRequest'.
            Type 'Request<ParamsDictionary, any, any, ParsedQs, Record<string, any>>' is not assignable to type '{ userId?: string; userEmail?: string; }'.
              Types of property 'userId' are incompatible.
                Type 'number' is not assignable to type 'string'.
server/routes/ai.ts(521,33): error TS2769: No overload matches this call.
  The last overload gave the following error.
    Argument of type '(req: AuthRequest, res: Response<any, Record<string, any>>, next: NextFunction) => Response<any, Record<string, any>>' is not assignable to parameter of type 'RequestHandlerParams<ParamsDictionary, any, any, ParsedQs, Record<string, any>>'.
      Type '(req: AuthRequest, res: Response<any, Record<string, any>>, next: NextFunction) => Response<any, Record<string, any>>' is not assignable to type 'RequestHandler<ParamsDictionary, any, any, ParsedQs, Record<string, any>>'.
        Types of parameters 'req' and 'req' are incompatible.
          Type 'Request<ParamsDictionary, any, any, ParsedQs, Record<string, any>>' is not assignable to type 'AuthRequest'.
            Type 'Request<ParamsDictionary, any, any, ParsedQs, Record<string, any>>' is not assignable to type '{ userId?: string; userEmail?: string; }'.
              Types of property 'userId' are incompatible.
                Type 'number' is not assignable to type 'string'.
server/routes/ai.ts(538,33): error TS2769: No overload matches this call.
  The last overload gave the following error.
    Argument of type '(req: AuthRequest, res: Response<any, Record<string, any>>, next: NextFunction) => Response<any, Record<string, any>>' is not assignable to parameter of type 'RequestHandlerParams<ParamsDictionary, any, any, ParsedQs, Record<string, any>>'.
      Type '(req: AuthRequest, res: Response<any, Record<string, any>>, next: NextFunction) => Response<any, Record<string, any>>' is not assignable to type 'RequestHandler<ParamsDictionary, any, any, ParsedQs, Record<string, any>>'.
        Types of parameters 'req' and 'req' are incompatible.
          Type 'Request<ParamsDictionary, any, any, ParsedQs, Record<string, any>>' is not assignable to type 'AuthRequest'.
            Type 'Request<ParamsDictionary, any, any, ParsedQs, Record<string, any>>' is not assignable to type '{ userId?: string; userEmail?: string; }'.
              Types of property 'userId' are incompatible.
                Type 'number' is not assignable to type 'string'.
server/routes/ai.ts(555,21): error TS2769: No overload matches this call.
  The last overload gave the following error.
    Argument of type '(req: AuthRequest, res: Response<any, Record<string, any>>, next: NextFunction) => Response<any, Record<string, any>>' is not assignable to parameter of type 'RequestHandlerParams<ParamsDictionary, any, any, ParsedQs, Record<string, any>>'.
      Type '(req: AuthRequest, res: Response<any, Record<string, any>>, next: NextFunction) => Response<any, Record<string, any>>' is not assignable to type 'RequestHandler<ParamsDictionary, any, any, ParsedQs, Record<string, any>>'.
        Types of parameters 'req' and 'req' are incompatible.
          Type 'Request<ParamsDictionary, any, any, ParsedQs, Record<string, any>>' is not assignable to type 'AuthRequest'.
            Type 'Request<ParamsDictionary, any, any, ParsedQs, Record<string, any>>' is not assignable to type '{ userId?: string; userEmail?: string; }'.
              Types of property 'userId' are incompatible.
                Type 'number' is not assignable to type 'string'.
server/routes/ai.ts(572,30): error TS2769: No overload matches this call.
  The last overload gave the following error.
    Argument of type '(req: AuthRequest, res: Response<any, Record<string, any>>, next: NextFunction) => Response<any, Record<string, any>>' is not assignable to parameter of type 'RequestHandlerParams<ParamsDictionary, any, any, ParsedQs, Record<string, any>>'.
      Type '(req: AuthRequest, res: Response<any, Record<string, any>>, next: NextFunction) => Response<any, Record<string, any>>' is not assignable to type 'RequestHandler<ParamsDictionary, any, any, ParsedQs, Record<string, any>>'.
        Types of parameters 'req' and 'req' are incompatible.
          Type 'Request<ParamsDictionary, any, any, ParsedQs, Record<string, any>>' is not assignable to type 'AuthRequest'.
            Type 'Request<ParamsDictionary, any, any, ParsedQs, Record<string, any>>' is not assignable to type '{ userId?: string; userEmail?: string; }'.
              Types of property 'userId' are incompatible.
                Type 'number' is not assignable to type 'string'.
server/routes/ai.ts(590,33): error TS2769: No overload matches this call.
  The last overload gave the following error.
    Argument of type '(req: AuthRequest, res: Response<any, Record<string, any>>, next: NextFunction) => Response<any, Record<string, any>>' is not assignable to parameter of type 'RequestHandlerParams<ParamsDictionary, any, any, ParsedQs, Record<string, any>>'.
      Type '(req: AuthRequest, res: Response<any, Record<string, any>>, next: NextFunction) => Response<any, Record<string, any>>' is not assignable to type 'RequestHandler<ParamsDictionary, any, any, ParsedQs, Record<string, any>>'.
        Types of parameters 'req' and 'req' are incompatible.
          Type 'Request<ParamsDictionary, any, any, ParsedQs, Record<string, any>>' is not assignable to type 'AuthRequest'.
            Type 'Request<ParamsDictionary, any, any, ParsedQs, Record<string, any>>' is not assignable to type '{ userId?: string; userEmail?: string; }'.
              Types of property 'userId' are incompatible.
                Type 'number' is not assignable to type 'string'.
server/routes/ai.ts(605,28): error TS2769: No overload matches this call.
  The last overload gave the following error.
    Argument of type '(req: AuthRequest, res: Response<any, Record<string, any>>, next: NextFunction) => Response<any, Record<string, any>>' is not assignable to parameter of type 'RequestHandlerParams<ParamsDictionary, any, any, ParsedQs, Record<string, any>>'.
      Type '(req: AuthRequest, res: Response<any, Record<string, any>>, next: NextFunction) => Response<any, Record<string, any>>' is not assignable to type 'RequestHandler<ParamsDictionary, any, any, ParsedQs, Record<string, any>>'.
        Types of parameters 'req' and 'req' are incompatible.
          Type 'Request<ParamsDictionary, any, any, ParsedQs, Record<string, any>>' is not assignable to type 'AuthRequest'.
            Type 'Request<ParamsDictionary, any, any, ParsedQs, Record<string, any>>' is not assignable to type '{ userId?: string; userEmail?: string; }'.
              Types of property 'userId' are incompatible.
                Type 'number' is not assignable to type 'string'.
server/routes/ai.ts(622,28): error TS2769: No overload matches this call.
  The last overload gave the following error.
    Argument of type '(req: AuthRequest, res: Response<any, Record<string, any>>, next: NextFunction) => Response<any, Record<string, any>>' is not assignable to parameter of type 'RequestHandlerParams<ParamsDictionary, any, any, ParsedQs, Record<string, any>>'.
      Type '(req: AuthRequest, res: Response<any, Record<string, any>>, next: NextFunction) => Response<any, Record<string, any>>' is not assignable to type 'RequestHandler<ParamsDictionary, any, any, ParsedQs, Record<string, any>>'.
        Types of parameters 'req' and 'req' are incompatible.
          Type 'Request<ParamsDictionary, any, any, ParsedQs, Record<string, any>>' is not assignable to type 'AuthRequest'.
            Type 'Request<ParamsDictionary, any, any, ParsedQs, Record<string, any>>' is not assignable to type '{ userId?: string; userEmail?: string; }'.
              Types of property 'userId' are incompatible.
                Type 'number' is not assignable to type 'string'.
server/routes/ai.ts(639,34): error TS2769: No overload matches this call.
  The last overload gave the following error.
    Argument of type '(req: AuthRequest, res: Response<any, Record<string, any>>, next: NextFunction) => Response<any, Record<string, any>>' is not assignable to parameter of type 'RequestHandlerParams<ParamsDictionary, any, any, ParsedQs, Record<string, any>>'.
      Type '(req: AuthRequest, res: Response<any, Record<string, any>>, next: NextFunction) => Response<any, Record<string, any>>' is not assignable to type 'RequestHandler<ParamsDictionary, any, any, ParsedQs, Record<string, any>>'.
        Types of parameters 'req' and 'req' are incompatible.
          Type 'Request<ParamsDictionary, any, any, ParsedQs, Record<string, any>>' is not assignable to type 'AuthRequest'.
            Type 'Request<ParamsDictionary, any, any, ParsedQs, Record<string, any>>' is not assignable to type '{ userId?: string; userEmail?: string; }'.
              Types of property 'userId' are incompatible.
                Type 'number' is not assignable to type 'string'.
server/routes/ai.ts(656,27): error TS2769: No overload matches this call.
  The last overload gave the following error.
    Argument of type '(req: AuthRequest, res: Response<any, Record<string, any>>, next: NextFunction) => Response<any, Record<string, any>>' is not assignable to parameter of type 'RequestHandlerParams<ParamsDictionary, any, any, ParsedQs, Record<string, any>>'.
      Type '(req: AuthRequest, res: Response<any, Record<string, any>>, next: NextFunction) => Response<any, Record<string, any>>' is not assignable to type 'RequestHandler<ParamsDictionary, any, any, ParsedQs, Record<string, any>>'.
        Types of parameters 'req' and 'req' are incompatible.
          Type 'Request<ParamsDictionary, any, any, ParsedQs, Record<string, any>>' is not assignable to type 'AuthRequest'.
            Type 'Request<ParamsDictionary, any, any, ParsedQs, Record<string, any>>' is not assignable to type '{ userId?: string; userEmail?: string; }'.
              Types of property 'userId' are incompatible.
                Type 'number' is not assignable to type 'string'.
server/routes/ai.ts(674,35): error TS2769: No overload matches this call.
  The last overload gave the following error.
    Argument of type '(req: AuthRequest, res: Response<any, Record<string, any>>, next: NextFunction) => Response<any, Record<string, any>>' is not assignable to parameter of type 'RequestHandlerParams<ParamsDictionary, any, any, ParsedQs, Record<string, any>>'.
      Type '(req: AuthRequest, res: Response<any, Record<string, any>>, next: NextFunction) => Response<any, Record<string, any>>' is not assignable to type 'RequestHandler<ParamsDictionary, any, any, ParsedQs, Record<string, any>>'.
        Types of parameters 'req' and 'req' are incompatible.
          Type 'Request<ParamsDictionary, any, any, ParsedQs, Record<string, any>>' is not assignable to type 'AuthRequest'.
            Type 'Request<ParamsDictionary, any, any, ParsedQs, Record<string, any>>' is not assignable to type '{ userId?: string; userEmail?: string; }'.
              Types of property 'userId' are incompatible.
                Type 'number' is not assignable to type 'string'.
server/routes/ai.ts(694,32): error TS2769: No overload matches this call.
  The last overload gave the following error.
    Argument of type '(req: AuthRequest, res: Response<any, Record<string, any>>, next: NextFunction) => Response<any, Record<string, any>>' is not assignable to parameter of type 'RequestHandlerParams<ParamsDictionary, any, any, ParsedQs, Record<string, any>>'.
      Type '(req: AuthRequest, res: Response<any, Record<string, any>>, next: NextFunction) => Response<any, Record<string, any>>' is not assignable to type 'RequestHandler<ParamsDictionary, any, any, ParsedQs, Record<string, any>>'.
        Types of parameters 'req' and 'req' are incompatible.
          Type 'Request<ParamsDictionary, any, any, ParsedQs, Record<string, any>>' is not assignable to type 'AuthRequest'.
            Type 'Request<ParamsDictionary, any, any, ParsedQs, Record<string, any>>' is not assignable to type '{ userId?: string; userEmail?: string; }'.
              Types of property 'userId' are incompatible.
                Type 'number' is not assignable to type 'string'.
server/routes/ai.ts(709,32): error TS2769: No overload matches this call.
  The last overload gave the following error.
    Argument of type '(req: AuthRequest, res: Response<any, Record<string, any>>, next: NextFunction) => Response<any, Record<string, any>>' is not assignable to parameter of type 'RequestHandlerParams<ParamsDictionary, any, any, ParsedQs, Record<string, any>>'.
      Type '(req: AuthRequest, res: Response<any, Record<string, any>>, next: NextFunction) => Response<any, Record<string, any>>' is not assignable to type 'RequestHandler<ParamsDictionary, any, any, ParsedQs, Record<string, any>>'.
        Types of parameters 'req' and 'req' are incompatible.
          Type 'Request<ParamsDictionary, any, any, ParsedQs, Record<string, any>>' is not assignable to type 'AuthRequest'.
            Type 'Request<ParamsDictionary, any, any, ParsedQs, Record<string, any>>' is not assignable to type '{ userId?: string; userEmail?: string; }'.
              Types of property 'userId' are incompatible.
                Type 'number' is not assignable to type 'string'.
server/routes/ai.ts(724,35): error TS2769: No overload matches this call.
  The last overload gave the following error.
    Argument of type '(req: AuthRequest, res: Response<any, Record<string, any>>, next: NextFunction) => Response<any, Record<string, any>>' is not assignable to parameter of type 'RequestHandlerParams<ParamsDictionary, any, any, ParsedQs, Record<string, any>>'.
      Type '(req: AuthRequest, res: Response<any, Record<string, any>>, next: NextFunction) => Response<any, Record<string, any>>' is not assignable to type 'RequestHandler<ParamsDictionary, any, any, ParsedQs, Record<string, any>>'.
        Types of parameters 'req' and 'req' are incompatible.
          Type 'Request<ParamsDictionary, any, any, ParsedQs, Record<string, any>>' is not assignable to type 'AuthRequest'.
            Type 'Request<ParamsDictionary, any, any, ParsedQs, Record<string, any>>' is not assignable to type '{ userId?: string; userEmail?: string; }'.
              Types of property 'userId' are incompatible.
                Type 'number' is not assignable to type 'string'.
server/routes/ai.ts(741,29): error TS2769: No overload matches this call.
  The last overload gave the following error.
    Argument of type '(req: AuthRequest, res: Response<any, Record<string, any>>, next: NextFunction) => Response<any, Record<string, any>>' is not assignable to parameter of type 'RequestHandlerParams<ParamsDictionary, any, any, ParsedQs, Record<string, any>>'.
      Type '(req: AuthRequest, res: Response<any, Record<string, any>>, next: NextFunction) => Response<any, Record<string, any>>' is not assignable to type 'RequestHandler<ParamsDictionary, any, any, ParsedQs, Record<string, any>>'.
        Types of parameters 'req' and 'req' are incompatible.
          Type 'Request<ParamsDictionary, any, any, ParsedQs, Record<string, any>>' is not assignable to type 'AuthRequest'.
            Type 'Request<ParamsDictionary, any, any, ParsedQs, Record<string, any>>' is not assignable to type '{ userId?: string; userEmail?: string; }'.
              Types of property 'userId' are incompatible.
                Type 'number' is not assignable to type 'string'.
server/routes/ai.ts(759,31): error TS2769: No overload matches this call.
  The last overload gave the following error.
    Argument of type '(req: AuthRequest, res: Response<any, Record<string, any>>, next: NextFunction) => Response<any, Record<string, any>>' is not assignable to parameter of type 'RequestHandlerParams<ParamsDictionary, any, any, ParsedQs, Record<string, any>>'.
      Type '(req: AuthRequest, res: Response<any, Record<string, any>>, next: NextFunction) => Response<any, Record<string, any>>' is not assignable to type 'RequestHandler<ParamsDictionary, any, any, ParsedQs, Record<string, any>>'.
        Types of parameters 'req' and 'req' are incompatible.
          Type 'Request<ParamsDictionary, any, any, ParsedQs, Record<string, any>>' is not assignable to type 'AuthRequest'.
            Type 'Request<ParamsDictionary, any, any, ParsedQs, Record<string, any>>' is not assignable to type '{ userId?: string; userEmail?: string; }'.
              Types of property 'userId' are incompatible.
                Type 'number' is not assignable to type 'string'.
server/routes/ai.ts(774,28): error TS2769: No overload matches this call.
  The last overload gave the following error.
    Argument of type '(req: AuthRequest, res: Response<any, Record<string, any>>, next: NextFunction) => Response<any, Record<string, any>>' is not assignable to parameter of type 'RequestHandlerParams<ParamsDictionary, any, any, ParsedQs, Record<string, any>>'.
      Type '(req: AuthRequest, res: Response<any, Record<string, any>>, next: NextFunction) => Response<any, Record<string, any>>' is not assignable to type 'RequestHandler<ParamsDictionary, any, any, ParsedQs, Record<string, any>>'.
        Types of parameters 'req' and 'req' are incompatible.
          Type 'Request<ParamsDictionary, any, any, ParsedQs, Record<string, any>>' is not assignable to type 'AuthRequest'.
            Type 'Request<ParamsDictionary, any, any, ParsedQs, Record<string, any>>' is not assignable to type '{ userId?: string; userEmail?: string; }'.
              Types of property 'userId' are incompatible.
                Type 'number' is not assignable to type 'string'.
server/routes/ai.ts(789,30): error TS2769: No overload matches this call.
  The last overload gave the following error.
    Argument of type '(req: AuthRequest, res: Response<any, Record<string, any>>, next: NextFunction) => Response<any, Record<string, any>>' is not assignable to parameter of type 'RequestHandlerParams<ParamsDictionary, any, any, ParsedQs, Record<string, any>>'.
      Type '(req: AuthRequest, res: Response<any, Record<string, any>>, next: NextFunction) => Response<any, Record<string, any>>' is not assignable to type 'RequestHandler<ParamsDictionary, any, any, ParsedQs, Record<string, any>>'.
        Types of parameters 'req' and 'req' are incompatible.
          Type 'Request<ParamsDictionary, any, any, ParsedQs, Record<string, any>>' is not assignable to type 'AuthRequest'.
            Type 'Request<ParamsDictionary, any, any, ParsedQs, Record<string, any>>' is not assignable to type '{ userId?: string; userEmail?: string; }'.
              Types of property 'userId' are incompatible.
                Type 'number' is not assignable to type 'string'.
server/routes/contacts.ts(3,10): error TS2305: Module '"../db/schema"' has no exported member 'contacts'.
server/routes/notifications.ts(23,17): error TS2769: No overload matches this call.
  The last overload gave the following error.
    Argument of type '(req: AuthRequest, res: Response<any, Record<string, any>>, next: NextFunction) => Response<any, Record<string, any>>' is not assignable to parameter of type 'RequestHandlerParams<ParamsDictionary, any, any, ParsedQs, Record<string, any>>'.
      Type '(req: AuthRequest, res: Response<any, Record<string, any>>, next: NextFunction) => Response<any, Record<string, any>>' is not assignable to type 'RequestHandler<ParamsDictionary, any, any, ParsedQs, Record<string, any>>'.
        Types of parameters 'req' and 'req' are incompatible.
          Type 'Request<ParamsDictionary, any, any, ParsedQs, Record<string, any>>' is not assignable to type 'AuthRequest'.
            Type 'Request<ParamsDictionary, any, any, ParsedQs, Record<string, any>>' is not assignable to type '{ userId?: string; userEmail?: string; }'.
              Types of property 'userId' are incompatible.
                Type 'number' is not assignable to type 'string'.
server/routes/notifications.ts(40,24): error TS2769: No overload matches this call.
  The last overload gave the following error.
    Argument of type '(req: AuthRequest, res: Response<any, Record<string, any>>, next: NextFunction) => Response<any, Record<string, any>>' is not assignable to parameter of type 'RequestHandlerParams<ParamsDictionary, any, any, ParsedQs, Record<string, any>>'.
      Type '(req: AuthRequest, res: Response<any, Record<string, any>>, next: NextFunction) => Response<any, Record<string, any>>' is not assignable to type 'RequestHandler<ParamsDictionary, any, any, ParsedQs, Record<string, any>>'.
        Types of parameters 'req' and 'req' are incompatible.
          Type 'Request<ParamsDictionary, any, any, ParsedQs, Record<string, any>>' is not assignable to type 'AuthRequest'.
            Type 'Request<ParamsDictionary, any, any, ParsedQs, Record<string, any>>' is not assignable to type '{ userId?: string; userEmail?: string; }'.
              Types of property 'userId' are incompatible.
                Type 'number' is not assignable to type 'string'.
server/routes/notifications.ts(72,26): error TS2769: No overload matches this call.
  The last overload gave the following error.
    Argument of type '(req: AuthRequest, res: Response<any, Record<string, any>>, next: NextFunction) => Response<any, Record<string, any>>' is not assignable to parameter of type 'RequestHandlerParams<ParamsDictionary, any, any, ParsedQs, Record<string, any>>'.
      Type '(req: AuthRequest, res: Response<any, Record<string, any>>, next: NextFunction) => Response<any, Record<string, any>>' is not assignable to type 'RequestHandler<ParamsDictionary, any, any, ParsedQs, Record<string, any>>'.
        Types of parameters 'req' and 'req' are incompatible.
          Type 'Request<ParamsDictionary, any, any, ParsedQs, Record<string, any>>' is not assignable to type 'AuthRequest'.
            Type 'Request<ParamsDictionary, any, any, ParsedQs, Record<string, any>>' is not assignable to type '{ userId?: string; userEmail?: string; }'.
              Types of property 'userId' are incompatible.
                Type 'number' is not assignable to type 'string'.
server/routes/notifications.ts(95,26): error TS2769: No overload matches this call.
  The last overload gave the following error.
    Argument of type '(req: AuthRequest, res: Response<any, Record<string, any>>, next: NextFunction) => Response<any, Record<string, any>>' is not assignable to parameter of type 'RequestHandlerParams<ParamsDictionary, any, any, ParsedQs, Record<string, any>>'.
      Type '(req: AuthRequest, res: Response<any, Record<string, any>>, next: NextFunction) => Response<any, Record<string, any>>' is not assignable to type 'RequestHandler<ParamsDictionary, any, any, ParsedQs, Record<string, any>>'.
        Types of parameters 'req' and 'req' are incompatible.
          Type 'Request<ParamsDictionary, any, any, ParsedQs, Record<string, any>>' is not assignable to type 'AuthRequest'.
            Type 'Request<ParamsDictionary, any, any, ParsedQs, Record<string, any>>' is not assignable to type '{ userId?: string; userEmail?: string; }'.
              Types of property 'userId' are incompatible.
                Type 'number' is not assignable to type 'string'.
server/routes/notifications.ts(115,23): error TS2769: No overload matches this call.
  The last overload gave the following error.
    Argument of type '(req: AuthRequest, res: Response<any, Record<string, any>>, next: NextFunction) => Response<any, Record<string, any>>' is not assignable to parameter of type 'RequestHandlerParams<ParamsDictionary, any, any, ParsedQs, Record<string, any>>'.
      Type '(req: AuthRequest, res: Response<any, Record<string, any>>, next: NextFunction) => Response<any, Record<string, any>>' is not assignable to type 'RequestHandler<ParamsDictionary, any, any, ParsedQs, Record<string, any>>'.
        Types of parameters 'req' and 'req' are incompatible.
          Type 'Request<ParamsDictionary, any, any, ParsedQs, Record<string, any>>' is not assignable to type 'AuthRequest'.
            Type 'Request<ParamsDictionary, any, any, ParsedQs, Record<string, any>>' is not assignable to type '{ userId?: string; userEmail?: string; }'.
              Types of property 'userId' are incompatible.
                Type 'number' is not assignable to type 'string'.
server/routes/notifications.ts(137,28): error TS2769: No overload matches this call.
  The last overload gave the following error.
    Argument of type '(req: AuthRequest, res: Response<any, Record<string, any>>, next: NextFunction) => Response<any, Record<string, any>>' is not assignable to parameter of type 'RequestHandlerParams<ParamsDictionary, any, any, ParsedQs, Record<string, any>>'.
      Type '(req: AuthRequest, res: Response<any, Record<string, any>>, next: NextFunction) => Response<any, Record<string, any>>' is not assignable to type 'RequestHandler<ParamsDictionary, any, any, ParsedQs, Record<string, any>>'.
        Types of parameters 'req' and 'req' are incompatible.
          Type 'Request<ParamsDictionary, any, any, ParsedQs, Record<string, any>>' is not assignable to type 'AuthRequest'.
            Type 'Request<ParamsDictionary, any, any, ParsedQs, Record<string, any>>' is not assignable to type '{ userId?: string; userEmail?: string; }'.
              Types of property 'userId' are incompatible.
                Type 'number' is not assignable to type 'string'.
server/routes/notifications.ts(166,28): error TS2769: No overload matches this call.
  The last overload gave the following error.
    Argument of type '(req: AuthRequest, res: Response<any, Record<string, any>>, next: NextFunction) => Response<any, Record<string, any>>' is not assignable to parameter of type 'RequestHandlerParams<ParamsDictionary, any, any, ParsedQs, Record<string, any>>'.
      Type '(req: AuthRequest, res: Response<any, Record<string, any>>, next: NextFunction) => Response<any, Record<string, any>>' is not assignable to type 'RequestHandler<ParamsDictionary, any, any, ParsedQs, Record<string, any>>'.
        Types of parameters 'req' and 'req' are incompatible.
          Type 'Request<ParamsDictionary, any, any, ParsedQs, Record<string, any>>' is not assignable to type 'AuthRequest'.
            Type 'Request<ParamsDictionary, any, any, ParsedQs, Record<string, any>>' is not assignable to type '{ userId?: string; userEmail?: string; }'.
              Types of property 'userId' are incompatible.
                Type 'number' is not assignable to type 'string'.
server/routes/pitchDecks.ts(3,10): error TS2305: Module '"../db/schema"' has no exported member 'pitchDecks'.
server/routes/resources.ts(5,5): error TS2305: Module '"../db/schema"' has no exported member 'warRoomSessions'.
server/routes/resources.ts(5,22): error TS2305: Module '"../db/schema"' has no exported member 'sops'.
server/routes/resources.ts(5,28): error TS2724: '"../db/schema"' has no exported member named 'jobDescriptions'. Did you mean 'subscriptions'?
server/routes/resources.ts(5,45): error TS2305: Module '"../db/schema"' has no exported member 'interviewGuides'.
server/routes/resources.ts(6,5): error TS2305: Module '"../db/schema"' has no exported member 'productSpecs'.
server/routes/resources.ts(6,19): error TS2305: Module '"../db/schema"' has no exported member 'pivotAnalyses'.
server/routes/resources.ts(6,34): error TS2305: Module '"../db/schema"' has no exported member 'legalDocs'.
server/routes/resources.ts(6,45): error TS2305: Module '"../db/schema"' has no exported member 'trainingHistory'.
server/routes/resources.ts(7,5): error TS2305: Module '"../db/schema"' has no exported member 'simulations'.
server/routes/resources.ts(7,18): error TS2305: Module '"../db/schema"' has no exported member 'campaigns'.
server/routes/resources.ts(7,29): error TS2305: Module '"../db/schema"' has no exported member 'creativeAssets'.
server/routes/resources.ts(7,45): error TS2305: Module '"../db/schema"' has no exported member 'codeSnippets'.
server/routes/resources.ts(8,5): error TS2305: Module '"../db/schema"' has no exported member 'launchStrategies'.
server/routes/resources.ts(8,23): error TS2305: Module '"../db/schema"' has no exported member 'tribeBlueprints'.
server/routes/resources.ts(8,40): error TS2305: Module '"../db/schema"' has no exported member 'boardReports'.
server/routes/resources.ts(9,24): error TS2305: Module '"../db/schema"' has no exported member 'agentInstructions'.
server/routes/resources.ts(19,28): error TS2769: No overload matches this call.
  The last overload gave the following error.
    Argument of type '(req: AuthRequest, res: Response<any, Record<string, any>>, next: NextFunction) => Response<any, Record<string, any>>' is not assignable to parameter of type 'RequestHandlerParams<ParamsDictionary, any, any, ParsedQs, Record<string, any>>'.
      Type '(req: AuthRequest, res: Response<any, Record<string, any>>, next: NextFunction) => Response<any, Record<string, any>>' is not assignable to type 'RequestHandler<ParamsDictionary, any, any, ParsedQs, Record<string, any>>'.
        Types of parameters 'req' and 'req' are incompatible.
          Type 'Request<ParamsDictionary, any, any, ParsedQs, Record<string, any>>' is not assignable to type 'AuthRequest'.
            Type 'Request<ParamsDictionary, any, any, ParsedQs, Record<string, any>>' is not assignable to type '{ userId?: string; userEmail?: string; }'.
              Types of property 'userId' are incompatible.
                Type 'number' is not assignable to type 'string'.
server/routes/resources.ts(36,29): error TS2769: No overload matches this call.
  The last overload gave the following error.
    Argument of type '(req: AuthRequest, res: Response<any, Record<string, any>>, next: NextFunction) => Response<any, Record<string, any>>' is not assignable to parameter of type 'RequestHandlerParams<ParamsDictionary, any, any, ParsedQs, Record<string, any>>'.
      Type '(req: AuthRequest, res: Response<any, Record<string, any>>, next: NextFunction) => Response<any, Record<string, any>>' is not assignable to type 'RequestHandler<ParamsDictionary, any, any, ParsedQs, Record<string, any>>'.
        Types of parameters 'req' and 'req' are incompatible.
          Type 'Request<ParamsDictionary, any, any, ParsedQs, Record<string, any>>' is not assignable to type 'AuthRequest'.
            Type 'Request<ParamsDictionary, any, any, ParsedQs, Record<string, any>>' is not assignable to type '{ userId?: string; userEmail?: string; }'.
              Types of property 'userId' are incompatible.
                Type 'number' is not assignable to type 'string'.
server/routes/resources.ts(57,35): error TS2769: No overload matches this call.
  The last overload gave the following error.
    Argument of type '(req: AuthRequest, res: Response<any, Record<string, any>>, next: NextFunction) => Response<any, Record<string, any>>' is not assignable to parameter of type 'RequestHandlerParams<ParamsDictionary, any, any, ParsedQs, Record<string, any>>'.
      Type '(req: AuthRequest, res: Response<any, Record<string, any>>, next: NextFunction) => Response<any, Record<string, any>>' is not assignable to type 'RequestHandler<ParamsDictionary, any, any, ParsedQs, Record<string, any>>'.
        Types of parameters 'req' and 'req' are incompatible.
          Type 'Request<ParamsDictionary, any, any, ParsedQs, Record<string, any>>' is not assignable to type 'AuthRequest'.
            Type 'Request<ParamsDictionary, any, any, ParsedQs, Record<string, any>>' is not assignable to type '{ userId?: string; userEmail?: string; }'.
              Types of property 'userId' are incompatible.
                Type 'number' is not assignable to type 'string'.
server/routes/search.ts(13,18): error TS2769: No overload matches this call.
  The last overload gave the following error.
    Argument of type '(req: AuthRequest, res: Response<any, Record<string, any>>, next: NextFunction) => Response<any, Record<string, any>>' is not assignable to parameter of type 'RequestHandlerParams<ParamsDictionary, any, any, ParsedQs, Record<string, any>>'.
      Type '(req: AuthRequest, res: Response<any, Record<string, any>>, next: NextFunction) => Response<any, Record<string, any>>' is not assignable to type 'RequestHandler<ParamsDictionary, any, any, ParsedQs, Record<string, any>>'.
        Types of parameters 'req' and 'req' are incompatible.
          Type 'Request<ParamsDictionary, any, any, ParsedQs, Record<string, any>>' is not assignable to type 'AuthRequest'.
            Type 'Request<ParamsDictionary, any, any, ParsedQs, Record<string, any>>' is not assignable to type '{ userId?: string; userEmail?: string; }'.
              Types of property 'userId' are incompatible.
                Type 'number' is not assignable to type 'string'.
server/routes/search.ts(15,25): error TS2352: Conversion of type 'Request<ParamsDictionary, any, any, ParsedQs, Record<string, any>>' to type 'AuthRequest' may be a mistake because neither type sufficiently overlaps with the other. If this was intentional, convert the expression to 'unknown' first.
  Type 'Request<ParamsDictionary, any, any, ParsedQs, Record<string, any>>' is not comparable to type '{ userId?: string; userEmail?: string; }'.
    Types of property 'userId' are incompatible.
      Type 'number' is not comparable to type 'string'.
server/routes/search.ts(55,23): error TS2769: No overload matches this call.
  The last overload gave the following error.
    Argument of type '(req: AuthRequest, res: Response<any, Record<string, any>>, next: NextFunction) => Response<any, Record<string, any>>' is not assignable to parameter of type 'RequestHandlerParams<ParamsDictionary, any, any, ParsedQs, Record<string, any>>'.
      Type '(req: AuthRequest, res: Response<any, Record<string, any>>, next: NextFunction) => Response<any, Record<string, any>>' is not assignable to type 'RequestHandler<ParamsDictionary, any, any, ParsedQs, Record<string, any>>'.
        Types of parameters 'req' and 'req' are incompatible.
          Type 'Request<ParamsDictionary, any, any, ParsedQs, Record<string, any>>' is not assignable to type 'AuthRequest'.
            Type 'Request<ParamsDictionary, any, any, ParsedQs, Record<string, any>>' is not assignable to type '{ userId?: string; userEmail?: string; }'.
              Types of property 'userId' are incompatible.
                Type 'number' is not assignable to type 'string'.
server/routes/search.ts(57,25): error TS2352: Conversion of type 'Request<ParamsDictionary, any, any, ParsedQs, Record<string, any>>' to type 'AuthRequest' may be a mistake because neither type sufficiently overlaps with the other. If this was intentional, convert the expression to 'unknown' first.
  Type 'Request<ParamsDictionary, any, any, ParsedQs, Record<string, any>>' is not comparable to type '{ userId?: string; userEmail?: string; }'.
    Types of property 'userId' are incompatible.
      Type 'number' is not comparable to type 'string'.
server/routes/search.ts(67,25): error TS2769: No overload matches this call.
  The last overload gave the following error.
    Argument of type '(req: AuthRequest, res: Response<any, Record<string, any>>, next: NextFunction) => Response<any, Record<string, any>>' is not assignable to parameter of type 'RequestHandlerParams<ParamsDictionary, any, any, ParsedQs, Record<string, any>>'.
      Type '(req: AuthRequest, res: Response<any, Record<string, any>>, next: NextFunction) => Response<any, Record<string, any>>' is not assignable to type 'RequestHandler<ParamsDictionary, any, any, ParsedQs, Record<string, any>>'.
        Types of parameters 'req' and 'req' are incompatible.
          Type 'Request<ParamsDictionary, any, any, ParsedQs, Record<string, any>>' is not assignable to type 'AuthRequest'.
            Type 'Request<ParamsDictionary, any, any, ParsedQs, Record<string, any>>' is not assignable to type '{ userId?: string; userEmail?: string; }'.
              Types of property 'userId' are incompatible.
                Type 'number' is not assignable to type 'string'.
server/routes/search.ts(69,25): error TS2352: Conversion of type 'Request<ParamsDictionary, any, any, ParsedQs, Record<string, any>>' to type 'AuthRequest' may be a mistake because neither type sufficiently overlaps with the other. If this was intentional, convert the expression to 'unknown' first.
  Type 'Request<ParamsDictionary, any, any, ParsedQs, Record<string, any>>' is not comparable to type '{ userId?: string; userEmail?: string; }'.
    Types of property 'userId' are incompatible.
      Type 'number' is not comparable to type 'string'.
server/stripe.ts(4,40): error TS2305: Module '"./db/schema"' has no exported member 'pitchDecks'.
server/stripe.ts(4,88): error TS2305: Module '"./db/schema"' has no exported member 'contacts'.
server/stripe.ts(9,5): error TS2322: Type '"2025-11-17.clover"' is not assignable to type '"2025-02-24.acacia"'.
src/components/ai/smart-prioritizer.tsx(257,22): error TS2322: Type '"secondary"' is not assignable to type '"cyan" | "purple" | "magenta" | "lime" | "orange"'.
src/components/ai/smart-prioritizer.tsx(271,32): error TS2322: Type '"outline"' is not assignable to type '"cyan" | "purple" | "magenta" | "lime" | "orange"'.
src/components/ai/task-intelligence-panel.tsx(169,23): error TS2322: Type '"default" | "secondary" | "destructive"' is not assignable to type '"cyan" | "purple" | "magenta" | "lime" | "orange"'.
  Type '"default"' is not assignable to type '"cyan" | "purple" | "magenta" | "lime" | "orange"'.
src/components/ai/task-intelligence-panel.tsx(236,38): error TS2322: Type '"outline"' is not assignable to type '"cyan" | "purple" | "magenta" | "lime" | "orange"'.
src/components/ai/task-intelligence-panel.tsx(239,38): error TS2322: Type '"outline"' is not assignable to type '"cyan" | "purple" | "magenta" | "lime" | "orange"'.
src/components/ai/task-intelligence-panel.tsx(242,38): error TS2322: Type '"outline"' is not assignable to type '"cyan" | "purple" | "magenta" | "lime" | "orange"'.
src/components/ai/task-intelligence-panel.tsx(293,38): error TS2322: Type '"outline"' is not assignable to type '"cyan" | "purple" | "magenta" | "lime" | "orange"'.
src/components/analytics/custom-report-builder-enhanced.tsx(453,30): error TS2322: Type '"outline"' is not assignable to type '"cyan" | "purple" | "magenta" | "lime" | "orange"'.
src/components/analytics/predictive-insights-dashboard.tsx(309,17): error TS2322: Type '"default" | "outline"' is not assignable to type '"success" | "error" | "info" | "cyan" | "purple" | "magenta" | "warning" | "outline" | "ghost" | "lime" | "orange"'.
  Type '"default"' is not assignable to type '"success" | "error" | "info" | "cyan" | "purple" | "magenta" | "warning" | "outline" | "ghost" | "lime" | "orange"'.
src/components/analytics/predictive-insights-dashboard.tsx(326,17): error TS2322: Type '"default" | "outline"' is not assignable to type '"success" | "error" | "info" | "cyan" | "purple" | "magenta" | "warning" | "outline" | "ghost" | "lime" | "orange"'.
  Type '"default"' is not assignable to type '"success" | "error" | "info" | "cyan" | "purple" | "magenta" | "warning" | "outline" | "ghost" | "lime" | "orange"'.
src/components/analytics/predictive-insights-dashboard.tsx(362,32): error TS2322: Type '"outline"' is not assignable to type '"cyan" | "purple" | "magenta" | "lime" | "orange"'.
src/components/analytics/predictive-insights-dashboard.tsx(365,32): error TS2322: Type '"outline"' is not assignable to type '"cyan" | "purple" | "magenta" | "lime" | "orange"'.
src/components/analytics/predictive-insights-dashboard.tsx(510,26): error TS2322: Type '"outline"' is not assignable to type '"cyan" | "purple" | "magenta" | "lime" | "orange"'.
src/components/auth/neon-auth.tsx(9,10): error TS2305: Module '"@/components/ui/boss-card"' has no exported member 'EmpowermentCard'.
src/components/AuthGate.tsx(4,42): error TS2307: Cannot find module 'react-router-dom' or its corresponding type declarations.
src/components/AuthProvider.tsx(5,37): error TS2769: No overload matches this call.
  Overload 1 of 2, '(options: StackClientAppConstructorOptions<true, string>): StackClientApp<true, string>', gave the following error.
    Argument of type '{ projectId: string; publishableClientKey: string; }' is not assignable to parameter of type 'StackClientAppConstructorOptions<true, string>'.
      Type '{ projectId: string; publishableClientKey: string; }' is not assignable to type '{ baseUrl?: string | { browser: string; server: string; }; extraRequestHeaders?: Record<string, string>; projectId?: string; publishableClientKey?: string; urls?: Partial<HandlerUrls>; ... 4 more ...; noAutomaticPrefetch?: boolean; } & { ...; }'.
        Property 'inheritsFrom' is missing in type '{ projectId: string; publishableClientKey: string; }' but required in type '{ tokenStore?: undefined; inheritsFrom: StackClientApp<true, any>; }'.
  Overload 2 of 2, '(options: StackClientAppConstructorOptions<boolean, string>): StackClientApp<boolean, string>', gave the following error.
    Argument of type '{ projectId: string; publishableClientKey: string; }' is not assignable to parameter of type 'StackClientAppConstructorOptions<boolean, string>'.
      Type '{ projectId: string; publishableClientKey: string; }' is not assignable to type '{ baseUrl?: string | { browser: string; server: string; }; extraRequestHeaders?: Record<string, string>; projectId?: string; publishableClientKey?: string; urls?: Partial<HandlerUrls>; ... 4 more ...; noAutomaticPrefetch?: boolean; } & { ...; }'.
        Property 'inheritsFrom' is missing in type '{ projectId: string; publishableClientKey: string; }' but required in type '{ tokenStore?: undefined; inheritsFrom: StackClientApp<boolean, any>; }'.
src/components/briefcase/advanced-search-panel.tsx(346,26): error TS2322: Type '"secondary"' is not assignable to type '"cyan" | "purple" | "magenta" | "lime" | "orange"'.
src/components/briefcase/advanced-search-panel.tsx(393,35): error TS2322: Type '"outline"' is not assignable to type '"cyan" | "purple" | "magenta" | "lime" | "orange"'.
src/components/briefcase/advanced-search-panel.tsx(407,34): error TS2322: Type '"outline"' is not assignable to type '"cyan" | "purple" | "magenta" | "lime" | "orange"'.
src/components/briefcase/advanced-search-panel.tsx(421,24): error TS2322: Type '"outline"' is not assignable to type '"cyan" | "purple" | "magenta" | "lime" | "orange"'.
src/components/briefcase/advanced-search-panel.tsx(677,29): error TS2322: Type '"default" | "outline"' is not assignable to type '"success" | "error" | "info" | "cyan" | "purple" | "magenta" | "warning" | "outline" | "ghost" | "lime" | "orange"'.
  Type '"default"' is not assignable to type '"success" | "error" | "info" | "cyan" | "purple" | "magenta" | "warning" | "outline" | "ghost" | "lime" | "orange"'.
src/components/briefcase/ai-insights-panel.tsx(270,23): error TS2322: Type '"outline"' is not assignable to type '"cyan" | "purple" | "magenta" | "lime" | "orange"'.
src/components/briefcase/ai-insights-panel.tsx(393,34): error TS2322: Type '"outline"' is not assignable to type '"cyan" | "purple" | "magenta" | "lime" | "orange"'.
src/components/briefcase/ai-insights-panel.tsx(603,36): error TS2322: Type '"outline"' is not assignable to type '"cyan" | "purple" | "magenta" | "lime" | "orange"'.
src/components/briefcase/bulk-operations-panel.tsx(314,38): error TS2322: Type '"outline"' is not assignable to type '"cyan" | "purple" | "magenta" | "lime" | "orange"'.
src/components/briefcase/bulk-operations-panel.tsx(327,38): error TS2322: Type '"secondary"' is not assignable to type '"cyan" | "purple" | "magenta" | "lime" | "orange"'.
src/components/briefcase/bulk-operations-panel.tsx(356,17): error TS2322: Type '"default" | "outline"' is not assignable to type '"success" | "error" | "info" | "cyan" | "purple" | "magenta" | "warning" | "outline" | "ghost" | "lime" | "orange"'.
  Type '"default"' is not assignable to type '"success" | "error" | "info" | "cyan" | "purple" | "magenta" | "warning" | "outline" | "ghost" | "lime" | "orange"'.
src/components/briefcase/document-versioning-modal.tsx(421,34): error TS2322: Type '"outline"' is not assignable to type '"cyan" | "purple" | "magenta" | "lime" | "orange"'.
src/components/briefcase/enhanced-dashboard.tsx(415,30): error TS2322: Type '"outline"' is not assignable to type '"cyan" | "purple" | "magenta" | "lime" | "orange"'.
src/components/briefcase/enhanced-dashboard.tsx(581,32): error TS2322: Type '"outline"' is not assignable to type '"cyan" | "purple" | "magenta" | "lime" | "orange"'.
src/components/briefcase/enhanced-dashboard.tsx(718,36): error TS2322: Type '"outline"' is not assignable to type '"cyan" | "purple" | "magenta" | "lime" | "orange"'.
src/components/briefcase/enhanced-file-preview-modal.tsx(417,24): error TS2322: Type '"secondary"' is not assignable to type '"cyan" | "purple" | "magenta" | "lime" | "orange"'.
src/components/briefcase/enhanced-file-preview-modal.tsx(419,26): error TS2322: Type '"outline"' is not assignable to type '"cyan" | "purple" | "magenta" | "lime" | "orange"'.
src/components/briefcase/file-metadata-panel.tsx(429,34): error TS2322: Type '"outline"' is not assignable to type '"cyan" | "purple" | "magenta" | "lime" | "orange"'.
src/components/briefcase/file-sharing-modal.tsx(509,40): error TS2322: Type '"outline"' is not assignable to type '"cyan" | "purple" | "magenta" | "lime" | "orange"'.
src/components/chat/mobile-chat-interface.tsx(215,25): error TS2322: Type '"default" | "ghost"' is not assignable to type '"success" | "error" | "info" | "cyan" | "purple" | "magenta" | "warning" | "outline" | "ghost" | "lime" | "orange"'.
  Type '"default"' is not assignable to type '"success" | "error" | "info" | "cyan" | "purple" | "magenta" | "warning" | "outline" | "ghost" | "lime" | "orange"'.
src/components/chat/mobile-chat-interface.tsx(259,42): error TS2322: Type '"outline"' is not assignable to type '"cyan" | "purple" | "magenta" | "lime" | "orange"'.
src/components/chat/mobile-chat-interface.tsx(400,38): error TS2322: Type '"outline"' is not assignable to type '"cyan" | "purple" | "magenta" | "lime" | "orange"'.
src/components/collaboration/collaboration-hub.tsx(250,32): error TS2322: Type '"default" | "secondary"' is not assignable to type '"cyan" | "purple" | "magenta" | "lime" | "orange"'.
  Type '"default"' is not assignable to type '"cyan" | "purple" | "magenta" | "lime" | "orange"'.
src/components/collaboration/collaboration-hub.tsx(350,20): error TS2322: Type '"default" | "secondary"' is not assignable to type '"cyan" | "purple" | "magenta" | "lime" | "orange"'.
  Type '"default"' is not assignable to type '"cyan" | "purple" | "magenta" | "lime" | "orange"'.
src/components/CompetitorStalker.tsx(221,81): error TS2367: This comparison appears to be unintentional because the types '"Low" | "Medium" | "High" | "Critical"' and '"CRITICAL"' have no overlap.
src/components/CompetitorStalker.tsx(230,144): error TS2367: This comparison appears to be unintentional because the types '"Low" | "Medium" | "High" | "Critical"' and '"CRITICAL"' have no overlap.
src/components/custom-agents/custom-agent-chat.tsx(181,26): error TS2322: Type '"outline"' is not assignable to type '"cyan" | "purple" | "magenta" | "lime" | "orange"'.
src/components/custom-agents/custom-agent-chat.tsx(185,26): error TS2322: Type '"outline"' is not assignable to type '"cyan" | "purple" | "magenta" | "lime" | "orange"'.
src/components/custom-agents/custom-agent-chat.tsx(285,36): error TS2322: Type '"outline"' is not assignable to type '"cyan" | "purple" | "magenta" | "lime" | "orange"'.
src/components/custom-agents/security-dashboard.tsx(257,48): error TS2322: Type '"outline"' is not assignable to type '"cyan" | "purple" | "magenta" | "lime" | "orange"'.
src/components/custom-agents/security-dashboard.tsx(271,48): error TS2322: Type '"outline"' is not assignable to type '"cyan" | "purple" | "magenta" | "lime" | "orange"'.
src/components/custom-agents/security-dashboard.tsx(300,30): error TS2322: Type '"default" | "secondary"' is not assignable to type '"cyan" | "purple" | "magenta" | "lime" | "orange"'.
  Type '"default"' is not assignable to type '"cyan" | "purple" | "magenta" | "lime" | "orange"'.
src/components/custom-agents/security-dashboard.tsx(306,30): error TS2322: Type '"default" | "secondary"' is not assignable to type '"cyan" | "purple" | "magenta" | "lime" | "orange"'.
  Type '"default"' is not assignable to type '"cyan" | "purple" | "magenta" | "lime" | "orange"'.
src/components/custom-agents/security-dashboard.tsx(312,30): error TS2322: Type '"default" | "secondary"' is not assignable to type '"cyan" | "purple" | "magenta" | "lime" | "orange"'.
  Type '"default"' is not assignable to type '"cyan" | "purple" | "magenta" | "lime" | "orange"'.
src/components/custom-agents/security-dashboard.tsx(318,30): error TS2322: Type '"default" | "secondary"' is not assignable to type '"cyan" | "purple" | "magenta" | "lime" | "orange"'.
  Type '"default"' is not assignable to type '"cyan" | "purple" | "magenta" | "lime" | "orange"'.
src/components/custom-agents/training-dashboard.tsx(336,32): error TS2322: Type '"outline"' is not assignable to type '"cyan" | "purple" | "magenta" | "lime" | "orange"'.
src/components/custom-agents/training-dashboard.tsx(437,46): error TS2322: Type '"outline"' is not assignable to type '"cyan" | "purple" | "magenta" | "lime" | "orange"'.
src/components/custom-agents/training-dashboard.tsx(447,46): error TS2322: Type '"outline"' is not assignable to type '"cyan" | "purple" | "magenta" | "lime" | "orange"'.
src/components/custom-agents/training-dashboard.tsx(476,34): error TS2322: Type '"outline"' is not assignable to type '"cyan" | "purple" | "magenta" | "lime" | "orange"'.
src/components/dashboard/competitor-comparison-charts.tsx(9,20): error TS2305: Module '"@/components/ui/boss-card"' has no exported member 'EmpowermentCard'.
src/components/dashboard/competitor-comparison-charts.tsx(305,30): error TS2322: Type '"outline"' is not assignable to type '"cyan" | "purple" | "magenta" | "lime" | "orange"'.
src/components/dashboard/intelligence-dashboard.tsx(9,20): error TS2305: Module '"@/components/ui/boss-card"' has no exported member 'EmpowermentCard'.
src/components/dashboard/intelligence-dashboard.tsx(206,11): error TS2322: Type '"boss"' is not assignable to type '"shimmer" | "flicker" | "bounce" | "pulse"'.
src/components/dashboard/intelligence-dashboard.tsx(263,15): error TS2322: Type '"secondary"' is not assignable to type '"cyan" | "purple" | "magenta" | "outline" | "lime" | "orange"'.
src/components/dashboard/intelligence-dashboard.tsx(384,31): error TS2322: Type '"outline"' is not assignable to type '"cyan" | "purple" | "magenta" | "lime" | "orange"'.
src/components/dashboard/intelligence-dashboard.tsx(443,25): error TS2322: Type '"secondary"' is not assignable to type '"cyan" | "purple" | "magenta" | "outline" | "lime" | "orange"'.
src/components/dashboard/intelligence-dashboard.tsx(462,23): error TS2322: Type '"danger"' is not assignable to type '"default" | "cyan" | "purple" | "magenta" | "lime" | "orange"'.
src/components/dashboard/intelligence-dashboard.tsx(491,27): error TS2322: Type '"outline"' is not assignable to type '"cyan" | "purple" | "magenta" | "lime" | "orange"'.
src/components/dashboard/intelligence-timeline.tsx(9,20): error TS2305: Module '"@/components/ui/boss-card"' has no exported member 'EmpowermentCard'.
src/components/dashboard/intelligence-timeline.tsx(284,28): error TS2322: Type '"outline"' is not assignable to type '"cyan" | "purple" | "magenta" | "lime" | "orange"'.
src/components/dashboard/intelligence-timeline.tsx(325,39): error TS2322: Type '"outline"' is not assignable to type '"cyan" | "purple" | "magenta" | "lime" | "orange"'.
src/components/dashboard/intelligence-timeline.tsx(354,60): error TS2322: Type '"secondary"' is not assignable to type '"cyan" | "purple" | "magenta" | "lime" | "orange"'.
src/components/dashboard/intelligence-timeline.tsx(359,48): error TS2322: Type '"secondary"' is not assignable to type '"cyan" | "purple" | "magenta" | "lime" | "orange"'.
src/components/dashboard/intelligence-timeline.tsx(370,39): error TS2322: Type '"secondary"' is not assignable to type '"cyan" | "purple" | "magenta" | "outline" | "lime" | "orange"'.
src/components/dashboard/intelligence-timeline.tsx(382,41): error TS2322: Type '"secondary"' is not assignable to type '"cyan" | "purple" | "magenta" | "outline" | "lime" | "orange"'.
src/components/dashboard/intelligence-timeline.tsx(411,52): error TS2322: Type '"outline"' is not assignable to type '"cyan" | "purple" | "magenta" | "lime" | "orange"'.
src/components/dashboard/intelligence-timeline.tsx(480,21): error TS2322: Type '"secondary"' is not assignable to type '"cyan" | "purple" | "magenta" | "outline" | "lime" | "orange"'.
src/components/dashboard/market-positioning-map.tsx(8,20): error TS2305: Module '"@/components/ui/boss-card"' has no exported member 'EmpowermentCard'.
src/components/decision-frameworks/five-whys-analysis.tsx(293,32): error TS2322: Type '"outline"' is not assignable to type '"cyan" | "purple" | "magenta" | "lime" | "orange"'.
src/components/evolve/first-hire-architect.tsx(601,30): error TS2322: Type '"outline"' is not assignable to type '"cyan" | "purple" | "magenta" | "lime" | "orange"'.
src/components/guardian-ai/consent-management.tsx(248,27): error TS2322: Type '"default" | "outline"' is not assignable to type '"success" | "error" | "info" | "cyan" | "purple" | "magenta" | "warning" | "outline" | "ghost" | "lime" | "orange"'.
  Type '"default"' is not assignable to type '"success" | "error" | "info" | "cyan" | "purple" | "magenta" | "warning" | "outline" | "ghost" | "lime" | "orange"'.
src/components/guardian-ai/consent-management.tsx(264,27): error TS2322: Type '"default" | "outline"' is not assignable to type '"success" | "error" | "info" | "cyan" | "purple" | "magenta" | "warning" | "outline" | "ghost" | "lime" | "orange"'.
  Type '"default"' is not assignable to type '"success" | "error" | "info" | "cyan" | "purple" | "magenta" | "warning" | "outline" | "ghost" | "lime" | "orange"'.
src/components/guardian-ai/policy-generator.tsx(283,30): error TS2322: Type '"outline"' is not assignable to type '"cyan" | "purple" | "magenta" | "lime" | "orange"'.
src/components/IdeaIncinerator.tsx(5,10): error TS2305: Module '"../types"' has no exported member 'IncineratorResponse'.
src/components/integrations/integration-hub.tsx(166,43): error TS2322: Type '"default" | "outline"' is not assignable to type '"success" | "error" | "info" | "cyan" | "purple" | "magenta" | "warning" | "outline" | "ghost" | "lime" | "orange"'.
  Type '"default"' is not assignable to type '"success" | "error" | "info" | "cyan" | "purple" | "magenta" | "warning" | "outline" | "ghost" | "lime" | "orange"'.
src/components/integrations/integration-hub.tsx(190,32): error TS2322: Type '"outline"' is not assignable to type '"cyan" | "purple" | "magenta" | "lime" | "orange"'.
src/components/integrations/integration-hub.tsx(194,34): error TS2322: Type '"outline"' is not assignable to type '"cyan" | "purple" | "magenta" | "lime" | "orange"'.
src/components/integrations/revenue-integration.tsx(435,32): error TS2322: Type '"outline"' is not assignable to type '"cyan" | "purple" | "magenta" | "lime" | "orange"'.
src/components/integrations/revenue-integration.tsx(440,32): error TS2322: Type '"outline"' is not assignable to type '"cyan" | "purple" | "magenta" | "lime" | "orange"'.
src/components/integrations/social-media-integration.tsx(548,23): error TS2322: Type '"destructive"' is not assignable to type '"success" | "error" | "info" | "cyan" | "purple" | "magenta" | "warning" | "outline" | "ghost" | "lime" | "orange"'.
src/components/intelligence/intelligence-results.tsx(8,20): error TS2305: Module '"@/components/ui/boss-card"' has no exported member 'EmpowermentCard'.
src/components/intelligence/intelligence-search.tsx(10,20): error TS2305: Module '"@/components/ui/boss-card"' has no exported member 'EmpowermentCard'.
src/components/intelligence/intelligence-search.tsx(363,24): error TS2322: Type '"secondary"' is not assignable to type '"cyan" | "purple" | "magenta" | "lime" | "orange"'.
src/components/intelligence/intelligence-search.tsx(379,24): error TS2322: Type '"secondary"' is not assignable to type '"cyan" | "purple" | "magenta" | "lime" | "orange"'.
src/components/intelligence/intelligence-search.tsx(580,37): error TS2322: Type '"outline"' is not assignable to type '"cyan" | "purple" | "magenta" | "lime" | "orange"'.
src/components/intelligence/intelligence-search.tsx(721,46): error TS2322: Type '"secondary"' is not assignable to type '"cyan" | "purple" | "magenta" | "lime" | "orange"'.
src/components/intelligence/intelligence-search.tsx(932,24): error TS2322: Type '"secondary"' is not assignable to type '"cyan" | "purple" | "magenta" | "lime" | "orange"'.
src/components/intelligence/intelligence-search.tsx(941,24): error TS2322: Type '"secondary"' is not assignable to type '"cyan" | "purple" | "magenta" | "lime" | "orange"'.
src/components/intelligence/intelligence-search.tsx(950,24): error TS2322: Type '"secondary"' is not assignable to type '"cyan" | "purple" | "magenta" | "lime" | "orange"'.
src/components/intelligence/intelligence-search.tsx(959,24): error TS2322: Type '"secondary"' is not assignable to type '"cyan" | "purple" | "magenta" | "lime" | "orange"'.
src/components/intelligence/intelligence-search.tsx(968,24): error TS2322: Type '"secondary"' is not assignable to type '"cyan" | "purple" | "magenta" | "lime" | "orange"'.
src/components/intelligence/intelligence-search.tsx(977,24): error TS2322: Type '"secondary"' is not assignable to type '"cyan" | "purple" | "magenta" | "lime" | "orange"'.
src/components/intelligence/intelligence-search.tsx(986,24): error TS2322: Type '"secondary"' is not assignable to type '"cyan" | "purple" | "magenta" | "lime" | "orange"'.
src/components/intelligence/intelligence-search.tsx(995,24): error TS2322: Type '"secondary"' is not assignable to type '"cyan" | "purple" | "magenta" | "lime" | "orange"'.
src/components/mobile/mobile-dashboard-enhanced.tsx(145,26): error TS2322: Type '"outline"' is not assignable to type '"cyan" | "purple" | "magenta" | "lime" | "orange"'.
src/components/mobile/mobile-dashboard-enhanced.tsx(186,24): error TS2322: Type '"outline"' is not assignable to type '"cyan" | "purple" | "magenta" | "lime" | "orange"'.
src/components/mobile/mobile-dashboard-enhanced.tsx(204,24): error TS2322: Type '"outline"' is not assignable to type '"cyan" | "purple" | "magenta" | "lime" | "orange"'.
src/components/mobile/mobile-dashboard-enhanced.tsx(221,24): error TS2322: Type '"outline"' is not assignable to type '"cyan" | "purple" | "magenta" | "lime" | "orange"'.
src/components/mobile/mobile-dashboard-enhanced.tsx(239,24): error TS2322: Type '"outline"' is not assignable to type '"cyan" | "purple" | "magenta" | "lime" | "orange"'.
src/components/mobile/mobile-dashboard-widgets.tsx(105,20): error TS2322: Type '"outline"' is not assignable to type '"cyan" | "purple" | "magenta" | "lime" | "orange"'.
src/components/mobile/mobile-dashboard-widgets.tsx(176,26): error TS2322: Type '"destructive"' is not assignable to type '"cyan" | "purple" | "magenta" | "lime" | "orange"'.
src/components/mobile/mobile-dashboard-widgets.tsx(255,20): error TS2322: Type '"outline"' is not assignable to type '"cyan" | "purple" | "magenta" | "lime" | "orange"'.
src/components/mobile/mobile-dashboard-widgets.tsx(338,20): error TS2322: Type '"outline"' is not assignable to type '"cyan" | "purple" | "magenta" | "lime" | "orange"'.
src/components/mobile/mobile-pwa-provider.tsx(165,24): error TS2322: Type '"outline"' is not assignable to type '"cyan" | "purple" | "magenta" | "lime" | "orange"'.
src/components/mobile/offline-data-manager.tsx(404,24): error TS2322: Type '"outline"' is not assignable to type '"cyan" | "purple" | "magenta" | "lime" | "orange"'.
src/components/mobile/offline-data-manager.tsx(512,36): error TS2322: Type '"outline"' is not assignable to type '"cyan" | "purple" | "magenta" | "lime" | "orange"'.
src/components/mobile/voice-task-creator.tsx(452,30): error TS2322: Type '"outline"' is not assignable to type '"cyan" | "purple" | "magenta" | "lime" | "orange"'.
src/components/onboarding/enhanced-welcome-flow.tsx(346,48): error TS2322: Type '"outline"' is not assignable to type '"cyan" | "purple" | "magenta" | "lime" | "orange"'.
src/components/onboarding/onboarding-wizard.tsx(432,52): error TS2322: Type '"outline"' is not assignable to type '"cyan" | "purple" | "magenta" | "lime" | "orange"'.
src/components/onboarding/progressive-onboarding.tsx(350,28): error TS2322: Type '"outline"' is not assignable to type '"cyan" | "purple" | "magenta" | "lime" | "orange"'.
src/components/performance/service-worker-register.tsx(146,20): error TS2322: Type '"secondary"' is not assignable to type '"cyan" | "purple" | "magenta" | "lime" | "orange"'.
src/components/profile/enhanced-profile-modal.tsx(199,21): error TS2322: Type '"destructive"' is not assignable to type '"success" | "error" | "info" | "cyan" | "purple" | "magenta" | "warning" | "outline" | "ghost" | "lime" | "orange"'.
src/components/profile/enhanced-profile-modal.tsx(562,29): error TS2322: Type '"destructive"' is not assignable to type '"success" | "error" | "info" | "cyan" | "purple" | "magenta" | "warning" | "outline" | "ghost" | "lime" | "orange"'.
src/components/profile/profile-modal.tsx(366,29): error TS2322: Type '"destructive"' is not assignable to type '"success" | "error" | "info" | "cyan" | "purple" | "magenta" | "warning" | "outline" | "ghost" | "lime" | "orange"'.
src/components/profile/profile-modal.tsx(415,23): error TS2322: Type '"destructive"' is not assignable to type '"success" | "error" | "info" | "cyan" | "purple" | "magenta" | "warning" | "outline" | "ghost" | "lime" | "orange"'.
src/components/recaptcha/recaptcha-button.tsx(49,9): error TS2322: Type '"link" | "default" | "secondary" | "destructive" | "outline" | "ghost"' is not assignable to type '"success" | "error" | "info" | "cyan" | "purple" | "magenta" | "warning" | "outline" | "ghost" | "lime" | "orange"'.
  Type '"link"' is not assignable to type '"success" | "error" | "info" | "cyan" | "purple" | "magenta" | "warning" | "outline" | "ghost" | "lime" | "orange"'.
src/components/recaptcha/recaptcha-button.tsx(50,9): error TS2322: Type '"default" | "icon" | "lg" | "sm"' is not assignable to type '"lg" | "md" | "sm"'.
  Type '"default"' is not assignable to type '"lg" | "md" | "sm"'.
src/components/Settings.tsx(10,29): error TS2307: Cannot find module 'react-router-dom' or its corresponding type declarations.
src/components/Sidebar.tsx(105,23): error TS2339: Property 'newProgress' does not exist on type 'ToastMessage'.
src/components/Sidebar.tsx(106,35): error TS2339: Property 'newProgress' does not exist on type 'ToastMessage'.
src/components/tasks/gesture-task-card.tsx(278,68): error TS2322: Type '"outline"' is not assignable to type '"cyan" | "purple" | "magenta" | "lime" | "orange"'.
src/components/tasks/gesture-task-card.tsx(281,64): error TS2322: Type '"outline"' is not assignable to type '"cyan" | "purple" | "magenta" | "lime" | "orange"'.
src/components/templates/base-template.tsx(84,29): error TS2322: Type '"secondary"' is not assignable to type '"cyan" | "purple" | "magenta" | "outline" | "lime" | "orange"'.
src/components/templates/base-template.tsx(103,17): error TS2322: Type '"secondary"' is not assignable to type '"cyan" | "purple" | "magenta" | "outline" | "lime" | "orange"'.
src/components/templates/base-template.tsx(113,19): error TS2322: Type '"secondary"' is not assignable to type '"cyan" | "purple" | "magenta" | "outline" | "lime" | "orange"'.
src/components/templates/base-template.tsx(124,17): error TS2322: Type '"empowerment"' is not assignable to type '"cyan" | "purple" | "magenta" | "outline" | "lime" | "orange"'.
src/components/templates/base-template.tsx(175,38): error TS2322: Type '"empowerment"' is not assignable to type '"default" | "cyan" | "purple" | "magenta" | "lime" | "orange"'.
src/components/templates/base-template.tsx(231,19): error TS2322: Type '"secondary"' is not assignable to type '"cyan" | "purple" | "magenta" | "outline" | "lime" | "orange"'.
src/components/templates/base-template.tsx(242,21): error TS2322: Type '"accent"' is not assignable to type '"cyan" | "purple" | "magenta" | "outline" | "lime" | "orange"'.
src/components/templates/base-template.tsx(249,21): error TS2322: Type '"accent"' is not assignable to type '"cyan" | "purple" | "magenta" | "outline" | "lime" | "orange"'.
src/components/templates/customer-journey-mapper.tsx(852,15): error TS2322: Type '"secondary"' is not assignable to type '"cyan" | "purple" | "magenta" | "outline" | "lime" | "orange"'.
src/components/templates/customer-journey-mapper.tsx(883,48): error TS2322: Type '"secondary"' is not assignable to type '"cyan" | "purple" | "magenta" | "outline" | "lime" | "orange"'.
src/components/templates/customer-journey-mapper.tsx(1088,15): error TS2322: Type '"secondary"' is not assignable to type '"cyan" | "purple" | "magenta" | "outline" | "lime" | "orange"'.
src/components/templates/customer-journey-mapper.tsx(1119,53): error TS2322: Type '"secondary"' is not assignable to type '"cyan" | "purple" | "magenta" | "outline" | "lime" | "orange"'.
src/components/templates/customer-journey-mapper.tsx(1383,15): error TS2322: Type '"secondary"' is not assignable to type '"cyan" | "purple" | "magenta" | "outline" | "lime" | "orange"'.
src/components/templates/customer-journey-mapper.tsx(1602,15): error TS2322: Type '"secondary"' is not assignable to type '"cyan" | "purple" | "magenta" | "outline" | "lime" | "orange"'.
src/components/templates/customer-journey-mapper.tsx(1609,17): error TS2322: Type '"empowerment"' is not assignable to type '"cyan" | "purple" | "magenta" | "outline" | "lime" | "orange"'.
src/components/templates/customer-journey-mapper.tsx(1616,17): error TS2322: Type '"accent"' is not assignable to type '"cyan" | "purple" | "magenta" | "outline" | "lime" | "orange"'.
src/components/templates/decision-dashboard.tsx(329,45): error TS2322: Type '"secondary"' is not assignable to type '"cyan" | "purple" | "magenta" | "outline" | "lime" | "orange"'.
src/components/templates/decision-dashboard.tsx(515,15): error TS2322: Type '"secondary"' is not assignable to type '"cyan" | "purple" | "magenta" | "outline" | "lime" | "orange"'.
src/components/templates/decision-dashboard.tsx(631,15): error TS2322: Type '"secondary"' is not assignable to type '"cyan" | "purple" | "magenta" | "outline" | "lime" | "orange"'.
src/components/templates/decision-dashboard.tsx(730,15): error TS2322: Type '"secondary"' is not assignable to type '"cyan" | "purple" | "magenta" | "outline" | "lime" | "orange"'.
src/components/templates/decision-dashboard.tsx(737,17): error TS2322: Type '"empowerment"' is not assignable to type '"cyan" | "purple" | "magenta" | "outline" | "lime" | "orange"'.
src/components/templates/decision-dashboard.tsx(744,17): error TS2322: Type '"accent"' is not assignable to type '"cyan" | "purple" | "magenta" | "outline" | "lime" | "orange"'.
src/components/templates/email-campaign-builder.tsx(775,27): error TS2322: Type '"destructive"' is not assignable to type '"success" | "error" | "info" | "cyan" | "purple" | "magenta" | "warning" | "outline" | "ghost" | "lime" | "orange"'.
src/components/templates/email-campaign-builder.tsx(799,23): error TS2322: Type '"default" | "outline"' is not assignable to type '"success" | "error" | "info" | "cyan" | "purple" | "magenta" | "warning" | "outline" | "ghost" | "lime" | "orange"'.
  Type '"default"' is not assignable to type '"success" | "error" | "info" | "cyan" | "purple" | "magenta" | "warning" | "outline" | "ghost" | "lime" | "orange"'.
src/components/templates/email-campaign-builder.tsx(806,23): error TS2322: Type '"default" | "outline"' is not assignable to type '"success" | "error" | "info" | "cyan" | "purple" | "magenta" | "warning" | "outline" | "ghost" | "lime" | "orange"'.
  Type '"default"' is not assignable to type '"success" | "error" | "info" | "cyan" | "purple" | "magenta" | "warning" | "outline" | "ghost" | "lime" | "orange"'.
src/components/templates/email-campaign-builder.tsx(848,15): error TS2322: Type '"secondary"' is not assignable to type '"cyan" | "purple" | "magenta" | "outline" | "lime" | "orange"'.
src/components/templates/email-campaign-builder.tsx(892,60): error TS2322: Type '"secondary"' is not assignable to type '"cyan" | "purple" | "magenta" | "outline" | "lime" | "orange"'.
src/components/templates/email-campaign-builder.tsx(984,15): error TS2322: Type '"secondary"' is not assignable to type '"cyan" | "purple" | "magenta" | "outline" | "lime" | "orange"'.
src/components/templates/email-campaign-builder.tsx(1076,65): error TS2322: Type '"secondary"' is not assignable to type '"cyan" | "purple" | "magenta" | "outline" | "lime" | "orange"'.
src/components/templates/email-campaign-builder.tsx(1160,15): error TS2322: Type '"secondary"' is not assignable to type '"cyan" | "purple" | "magenta" | "outline" | "lime" | "orange"'.
src/components/templates/email-campaign-builder.tsx(1372,15): error TS2322: Type '"secondary"' is not assignable to type '"cyan" | "purple" | "magenta" | "outline" | "lime" | "orange"'.
src/components/templates/email-campaign-builder.tsx(1379,17): error TS2322: Type '"empowerment"' is not assignable to type '"cyan" | "purple" | "magenta" | "outline" | "lime" | "orange"'.
src/components/templates/email-campaign-builder.tsx(1386,17): error TS2322: Type '"accent"' is not assignable to type '"cyan" | "purple" | "magenta" | "outline" | "lime" | "orange"'.
src/components/templates/email-campaign-builder.tsx(1391,17): error TS2322: Type '"secondary"' is not assignable to type '"cyan" | "purple" | "magenta" | "outline" | "lime" | "orange"'.
src/components/templates/project-timeline.tsx(772,53): error TS2322: Type '"secondary"' is not assignable to type '"cyan" | "purple" | "magenta" | "outline" | "lime" | "orange"'.
src/components/templates/project-timeline.tsx(928,15): error TS2322: Type '"secondary"' is not assignable to type '"cyan" | "purple" | "magenta" | "outline" | "lime" | "orange"'.
src/components/templates/project-timeline.tsx(961,49): error TS2322: Type '"secondary"' is not assignable to type '"cyan" | "purple" | "magenta" | "outline" | "lime" | "orange"'.
src/components/templates/project-timeline.tsx(1103,55): error TS2322: Type '"secondary"' is not assignable to type '"cyan" | "purple" | "magenta" | "lime" | "orange"'.
src/components/templates/project-timeline.tsx(1187,54): error TS2322: Type '"secondary"' is not assignable to type '"cyan" | "purple" | "magenta" | "outline" | "lime" | "orange"'.
src/components/templates/project-timeline.tsx(1302,15): error TS2322: Type '"secondary"' is not assignable to type '"cyan" | "purple" | "magenta" | "outline" | "lime" | "orange"'.
src/components/templates/project-timeline.tsx(1333,52): error TS2322: Type '"secondary"' is not assignable to type '"cyan" | "purple" | "magenta" | "outline" | "lime" | "orange"'.
src/components/templates/project-timeline.tsx(1449,15): error TS2322: Type '"secondary"' is not assignable to type '"cyan" | "purple" | "magenta" | "outline" | "lime" | "orange"'.
src/components/templates/project-timeline.tsx(1480,47): error TS2322: Type '"secondary"' is not assignable to type '"cyan" | "purple" | "magenta" | "outline" | "lime" | "orange"'.
src/components/templates/project-timeline.tsx(1622,34): error TS2322: Type '"secondary"' is not assignable to type '"cyan" | "purple" | "magenta" | "lime" | "orange"'.
src/components/templates/project-timeline.tsx(1670,15): error TS2322: Type '"secondary"' is not assignable to type '"cyan" | "purple" | "magenta" | "outline" | "lime" | "orange"'.
src/components/templates/project-timeline.tsx(1777,36): error TS2322: Type '"secondary"' is not assignable to type '"cyan" | "purple" | "magenta" | "lime" | "orange"'.
src/components/templates/project-timeline.tsx(1850,15): error TS2322: Type '"secondary"' is not assignable to type '"cyan" | "purple" | "magenta" | "outline" | "lime" | "orange"'.
src/components/templates/project-timeline.tsx(1857,17): error TS2322: Type '"empowerment"' is not assignable to type '"cyan" | "purple" | "magenta" | "outline" | "lime" | "orange"'.
src/components/templates/project-timeline.tsx(1864,17): error TS2322: Type '"accent"' is not assignable to type '"cyan" | "purple" | "magenta" | "outline" | "lime" | "orange"'.
src/components/templates/social-media-strategy.tsx(817,15): error TS2322: Type '"secondary"' is not assignable to type '"cyan" | "purple" | "magenta" | "outline" | "lime" | "orange"'.
src/components/templates/social-media-strategy.tsx(1240,34): error TS2322: Type '"outline"' is not assignable to type '"cyan" | "purple" | "magenta" | "lime" | "orange"'.
src/components/templates/social-media-strategy.tsx(1576,17): error TS2322: Type '"empowerment"' is not assignable to type '"cyan" | "purple" | "magenta" | "outline" | "lime" | "orange"'.
src/components/templates/social-media-strategy.tsx(1583,17): error TS2322: Type '"accent"' is not assignable to type '"cyan" | "purple" | "magenta" | "outline" | "lime" | "orange"'.
src/components/templates/strategic-business-plan.tsx(1192,17): error TS2322: Type '"empowerment"' is not assignable to type '"cyan" | "purple" | "magenta" | "outline" | "lime" | "orange"'.
src/components/templates/strategic-business-plan.tsx(1199,17): error TS2322: Type '"accent"' is not assignable to type '"cyan" | "purple" | "magenta" | "outline" | "lime" | "orange"'.
src/components/TheAmplifier.tsx(4,32): error TS2305: Module '"../types"' has no exported member 'SocialStrategy'.
src/components/TheAmplifier.tsx(165,100): error TS2339: Property 'sourceTitle' does not exist on type 'ContentAmplification'.
src/components/TheAmplifier.tsx(199,78): error TS2339: Property 'twitterThread' does not exist on type 'ContentAmplification'.
src/components/TheAmplifier.tsx(200,83): error TS2339: Property 'linkedinPost' does not exist on type 'ContentAmplification'.
src/components/TheAmplifier.tsx(201,85): error TS2339: Property 'tiktokScript' does not exist on type 'ContentAmplification'.
src/components/TheAmplifier.tsx(202,64): error TS2339: Property 'newsletterSection' does not exist on type 'ContentAmplification'.
src/components/TheAmplifier.tsx(211,53): error TS2339: Property 'twitterThread' does not exist on type 'ContentAmplification'.
src/components/TheAmplifier.tsx(215,69): error TS2339: Property 'twitterThread' does not exist on type 'ContentAmplification'.
src/components/TheAmplifier.tsx(225,53): error TS2339: Property 'linkedinPost' does not exist on type 'ContentAmplification'.
src/components/TheAmplifier.tsx(231,53): error TS2339: Property 'tiktokScript' does not exist on type 'ContentAmplification'.
src/components/TheAmplifier.tsx(237,53): error TS2339: Property 'newsletterSection' does not exist on type 'ContentAmplification'.
src/components/TheBoardroom.tsx(28,35): error TS2339: Property 'currentCash' does not exist on type 'BusinessContext'.
src/components/TheBoardroom.tsx(29,35): error TS2339: Property 'monthlyBurn' does not exist on type 'BusinessContext'.
src/components/TheBoardroom.tsx(30,38): error TS2339: Property 'monthlyRevenue' does not exist on type 'BusinessContext'.
src/components/TheBoardroom.tsx(31,34): error TS2339: Property 'growthRate' does not exist on type 'BusinessContext'.
src/components/TheCodex.tsx(3,20): error TS2305: Module '"../types"' has no exported member 'TargetPersona'.
src/components/TheLaunchpad.tsx(56,19): error TS2339: Property 'events' does not exist on type '{ name: string; duration: string; actions: string[]; }'.
src/components/TheLaunchpad.tsx(173,48): error TS2339: Property 'events' does not exist on type '{ name: string; duration: string; actions: string[]; }'.
src/components/TheLaunchpad.tsx(203,109): error TS2339: Property 'launchDate' does not exist on type 'LaunchStrategy'.
src/components/TheMainframe.tsx(4,26): error TS2305: Module '"../types"' has no exported member 'CodeSnippet'.
src/components/TheMainframe.tsx(164,105): error TS2339: Property 'verdict' does not exist on type 'TechStackAudit'.
src/components/TheMainframe.tsx(177,54): error TS2339: Property 'pros' does not exist on type 'TechStackAudit'.
src/components/TheMainframe.tsx(185,54): error TS2339: Property 'cons' does not exist on type 'TechStackAudit'.
src/components/TheMainframe.tsx(193,54): error TS2339: Property 'recommendations' does not exist on type 'TechStackAudit'.
src/components/theme-provider.tsx(56,7): error TS2769: No overload matches this call.
  Overload 1 of 2, '(props: ThemeProviderProps, context?: any): string | number | bigint | boolean | ReactElement<unknown, string | JSXElementConstructor<any>> | Iterable<...> | Promise<...> | Component<...>', gave the following error.
    Type '{ children: ReactNode; attribute: "class"; themes: string[]; defaultTheme: string; storageKey: string; enableSystem: false; disableTransitionOnChange: true; suppressHydrationWarning: true; ... 4 more ...; scriptProps?: ScriptProps; }' is not assignable to type 'IntrinsicAttributes & ThemeProviderProps'.
      Property 'suppressHydrationWarning' does not exist on type 'IntrinsicAttributes & ThemeProviderProps'.
  Overload 2 of 2, '(props: ThemeProviderProps): string | number | bigint | boolean | ReactElement<unknown, string | JSXElementConstructor<any>> | Iterable<...> | Promise<...> | Component<...>', gave the following error.
    Type '{ children: ReactNode; attribute: "class"; themes: string[]; defaultTheme: string; storageKey: string; enableSystem: false; disableTransitionOnChange: true; suppressHydrationWarning: true; ... 4 more ...; scriptProps?: ScriptProps; }' is not assignable to type 'IntrinsicAttributes & ThemeProviderProps'.
      Property 'suppressHydrationWarning' does not exist on type 'IntrinsicAttributes & ThemeProviderProps'.
src/components/TheScout.tsx(192,104): error TS2339: Property 'hook' does not exist on type 'JobDescription'.
src/components/TheScout.tsx(219,41): error TS2339: Property 'perks' does not exist on type 'JobDescription'.
src/components/TheScout.tsx(235,96): error TS2339: Property 'question' does not exist on type 'string'.
src/components/TheScout.tsx(240,94): error TS2339: Property 'whatToLookFor' does not exist on type 'string'.
src/components/TheScout.tsx(244,94): error TS2339: Property 'redFlag' does not exist on type 'string'.
src/components/TheScout.tsx(256,98): error TS2339: Property 'taskName' does not exist on type 'SOP'.
src/components/TheScout.tsx(257,96): error TS2339: Property 'goal' does not exist on type 'SOP'.
src/components/TheScout.tsx(264,193): error TS2339: Property 'step' does not exist on type 'string'.
src/components/TheScout.tsx(268,107): error TS2339: Property 'action' does not exist on type 'string'.
src/components/TheScout.tsx(269,114): error TS2339: Property 'details' does not exist on type 'string'.
src/components/TheScout.tsx(279,89): error TS2339: Property 'successCriteria' does not exist on type 'SOP'.
src/components/TheStudio.tsx(31,13): error TS2353: Object literal may only specify known properties, and 'style' does not exist in type 'CreativeAsset'.
src/components/TheTribe.tsx(131,115): error TS2339: Property 'enemy' does not exist on type 'CommunityManifesto'.
src/components/TheTribe.tsx(136,115): error TS2339: Property 'belief' does not exist on type 'CommunityManifesto'.
src/components/TheTribe.tsx(141,118): error TS2339: Property 'tagline' does not exist on type 'CommunityManifesto'.
src/components/TheTribe.tsx(153,48): error TS2339: Property 'rituals' does not exist on type 'TribeBlueprint'.
src/components/TheTribe.tsx(173,48): error TS2339: Property 'engagementLoops' does not exist on type 'TribeBlueprint'.
src/components/TheVault.tsx(177,114): error TS2339: Property 'timestamp' does not exist on type 'SavedCodeSnippet'.
src/components/Treasury.tsx(29,42): error TS2339: Property 'currentCash' does not exist on type 'BusinessContext'.
src/components/Treasury.tsx(30,42): error TS2339: Property 'monthlyBurn' does not exist on type 'BusinessContext'.
src/components/Treasury.tsx(31,45): error TS2339: Property 'monthlyRevenue' does not exist on type 'BusinessContext'.
src/components/Treasury.tsx(32,41): error TS2339: Property 'growthRate' does not exist on type 'BusinessContext'.
src/components/Treasury.tsx(43,40): error TS2345: Argument of type '{ monthlyRevenue: number; monthlyBurn: number; currentCash: number; currency?: string; growthRate?: number; } | { monthlyRevenue: number; monthlyBurn: number; currentCash: number; currency?: string; ... 9 more ...; updatedAt?: string; }' is not assignable to parameter of type 'BusinessContext'.
  Type '{ monthlyRevenue: number; monthlyBurn: number; currentCash: number; currency?: string; growthRate?: number; }' is missing the following properties from type 'BusinessContext': founderName, companyName, industry, description, goals
src/components/ui/button.stories.tsx(1,37): error TS2307: Cannot find module '@storybook/react' or its corresponding type declarations.
src/components/ui/carousel.tsx(216,7): error TS2322: Type 'string' is not assignable to type '"lg" | "md" | "sm"'.
src/components/ui/carousel.tsx(245,7): error TS2322: Type 'string' is not assignable to type '"lg" | "md" | "sm"'.
src/components/ui/error-handler.tsx(160,28): error TS2322: Type '"outline"' is not assignable to type '"cyan" | "purple" | "magenta" | "lime" | "orange"'.
src/components/ui/help-tooltip.tsx(90,28): error TS2322: Type '"outline"' is not assignable to type '"cyan" | "purple" | "magenta" | "lime" | "orange"'.
src/components/ui/Modal.tsx(4,31): error TS1149: File name 'C:/Users/prett/OneDrive/Desktop/projects/SoloSuccess-AI/src/components/ui/Button.tsx' differs from already included file name 'C:/Users/prett/OneDrive/Desktop/projects/SoloSuccess-AI/src/components/ui/button.tsx' only in casing.
  The file is in the program because:
    Imported via "@/components/ui/button" from file 'C:/Users/prett/OneDrive/Desktop/projects/SoloSuccess-AI/src/components/templates/decision-dashboard.tsx'
    Imported via '@/components/ui/button' from file 'C:/Users/prett/OneDrive/Desktop/projects/SoloSuccess-AI/src/components/templates/delegation-list-builder.tsx'
    Imported via '@/components/ui/button' from file 'C:/Users/prett/OneDrive/Desktop/projects/SoloSuccess-AI/src/components/templates/dm-sales-script-generator.tsx'
    Imported via '@/components/ui/button' from file 'C:/Users/prett/OneDrive/Desktop/projects/SoloSuccess-AI/src/components/templates/freebie-funnel-builder.tsx'
    Imported via '@/components/ui/button' from file 'C:/Users/prett/OneDrive/Desktop/projects/SoloSuccess-AI/src/components/templates/i-hate-this-tracker.tsx'
    Imported via '@/components/ui/button' from file 'C:/Users/prett/OneDrive/Desktop/projects/SoloSuccess-AI/src/components/templates/live-launch-tracker.tsx'
    Imported via '@/components/ui/button' from file 'C:/Users/prett/OneDrive/Desktop/projects/SoloSuccess-AI/src/components/templates/offer-comparison-matrix.tsx'
    Imported via '@/components/ui/button' from file 'C:/Users/prett/OneDrive/Desktop/projects/SoloSuccess-AI/src/components/templates/quarterly-biz-review.tsx'
    Imported via '@/components/ui/button' from file 'C:/Users/prett/OneDrive/Desktop/projects/SoloSuccess-AI/src/components/templates/upsell-flow-builder.tsx'
    Imported via '@/components/ui/button' from file 'C:/Users/prett/OneDrive/Desktop/projects/SoloSuccess-AI/src/components/templates/vision-board-generator.tsx'
    Imported via '@/components/ui/button' from file 'C:/Users/prett/OneDrive/Desktop/projects/SoloSuccess-AI/src/components/templates/pre-mortem-template.tsx'
    Imported via '@/components/ui/button' from file 'C:/Users/prett/OneDrive/Desktop/projects/SoloSuccess-AI/src/components/templates/reverse-engineer-role-models.tsx'
    Imported via '@/components/ui/button' from file 'C:/Users/prett/OneDrive/Desktop/projects/SoloSuccess-AI/src/components/templates/big-leap-planner.tsx'
    Imported via '@/components/ui/button' from file 'C:/Users/prett/OneDrive/Desktop/projects/SoloSuccess-AI/src/components/templates/offer-naming-generator.tsx'
    Imported via '@/components/ui/button' from file 'C:/Users/prett/OneDrive/Desktop/projects/SoloSuccess-AI/src/components/templates/brag-bank-template.tsx'
    Imported via '@/components/ui/button' from file 'C:/Users/prett/OneDrive/Desktop/projects/SoloSuccess-AI/src/components/templates/founder-feelings-tracker.tsx'
    Imported via '@/components/ui/button' from file 'C:/Users/prett/OneDrive/Desktop/projects/SoloSuccess-AI/src/components/templates/viral-hook-generator.tsx'
    Imported via '@/components/ui/button' from file 'C:/Users/prett/OneDrive/Desktop/projects/SoloSuccess-AI/src/components/templates/values-aligned-biz-filter.tsx'
    Imported via '@/components/ui/button' from file 'C:/Users/prett/OneDrive/Desktop/projects/SoloSuccess-AI/src/components/templates/ai-collab-planner.tsx'
    Imported via '@/components/ui/button' from file 'C:/Users/prett/OneDrive/Desktop/projects/SoloSuccess-AI/src/components/templates/pr-pitch-template.tsx'
    Imported via "@/components/ui/button" from file 'C:/Users/prett/OneDrive/Desktop/projects/SoloSuccess-AI/app/error.tsx'
    Imported via '@/components/ui/button' from file 'C:/Users/prett/OneDrive/Desktop/projects/SoloSuccess-AI/src/components/performance/performance-monitor.tsx'
    Imported via '@/components/ui/button' from file 'C:/Users/prett/OneDrive/Desktop/projects/SoloSuccess-AI/src/components/performance/service-worker-register.tsx'
    Imported via '@/components/ui/button' from file 'C:/Users/prett/OneDrive/Desktop/projects/SoloSuccess-AI/src/components/marketing/exit-intent-survey.tsx'
    Imported via "@/components/ui/button" from file 'C:/Users/prett/OneDrive/Desktop/projects/SoloSuccess-AI/src/components/ui/accessibility.tsx'
    Imported via "@/components/ui/button" from file 'C:/Users/prett/OneDrive/Desktop/projects/SoloSuccess-AI/src/components/chat/floating-chat-button.tsx'
    Imported via "@/components/ui/button" from file 'C:/Users/prett/OneDrive/Desktop/projects/SoloSuccess-AI/src/components/chat/mobile-chat-interface.tsx'
    Imported via "@/components/ui/button" from file 'C:/Users/prett/OneDrive/Desktop/projects/SoloSuccess-AI/src/components/ui/smart-tip.tsx'
    Imported via "@/components/ui/button" from file 'C:/Users/prett/OneDrive/Desktop/projects/SoloSuccess-AI/src/components/feedback/feedback-widget.tsx'
    Imported via "@/components/ui/button" from file 'C:/Users/prett/OneDrive/Desktop/projects/SoloSuccess-AI/src/components/mobile/offline-data-manager.tsx'
    Imported via "@/components/ui/button" from file 'C:/Users/prett/OneDrive/Desktop/projects/SoloSuccess-AI/app/not-found.tsx'
    Imported via "@/components/ui/button" from file 'C:/Users/prett/OneDrive/Desktop/projects/SoloSuccess-AI/src/components/home/landing-sections.tsx'
    Imported via "@/components/ui/button" from file 'C:/Users/prett/OneDrive/Desktop/projects/SoloSuccess-AI/app/account-recovery/account-recovery-client.tsx'
    Imported via "@/components/ui/button" from file 'C:/Users/prett/OneDrive/Desktop/projects/SoloSuccess-AI/app/account-recovery/page.tsx'
    Imported via "@/components/ui/button" from file 'C:/Users/prett/OneDrive/Desktop/projects/SoloSuccess-AI/app/auth/2fa/page.tsx'
    Imported via "@/components/ui/button" from file 'C:/Users/prett/OneDrive/Desktop/projects/SoloSuccess-AI/app/auth/device-approval/page.tsx'
    Imported via "@/components/ui/button" from file 'C:/Users/prett/OneDrive/Desktop/projects/SoloSuccess-AI/app/auth/sessions/page.tsx'
    Imported via "@/components/ui/button" from file 'C:/Users/prett/OneDrive/Desktop/projects/SoloSuccess-AI/src/components/custom-agents/custom-agent-chat.tsx'
    Imported via '@/components/ui/button' from file 'C:/Users/prett/OneDrive/Desktop/projects/SoloSuccess-AI/src/components/subscription/subscription-guard.tsx'
    Imported via "@/components/ui/button" from file 'C:/Users/prett/OneDrive/Desktop/projects/SoloSuccess-AI/src/components/custom-agents/security-dashboard.tsx'
    Imported via "@/components/ui/button" from file 'C:/Users/prett/OneDrive/Desktop/projects/SoloSuccess-AI/src/components/custom-agents/training-dashboard.tsx'
    Imported via '@/components/ui/button' from file 'C:/Users/prett/OneDrive/Desktop/projects/SoloSuccess-AI/app/dashboard/error.tsx'
    Imported via "@/components/ui/button" from file 'C:/Users/prett/OneDrive/Desktop/projects/SoloSuccess-AI/src/components/ui/sidebar.tsx'
    Imported via "@/components/ui/button" from file 'C:/Users/prett/OneDrive/Desktop/projects/SoloSuccess-AI/src/components/ui/tip-settings-button.tsx'
    Imported via "@/components/ui/button" from file 'C:/Users/prett/OneDrive/Desktop/projects/SoloSuccess-AI/src/components/ui/tip-settings.tsx'
    Imported via '@/components/ui/button' from file 'C:/Users/prett/OneDrive/Desktop/projects/SoloSuccess-AI/src/components/DashboardHeader.tsx'
    Imported via "@/components/ui/button" from file 'C:/Users/prett/OneDrive/Desktop/projects/SoloSuccess-AI/src/components/mobile/mobile-navigation.tsx'
    Imported via "@/components/ui/button" from file 'C:/Users/prett/OneDrive/Desktop/projects/SoloSuccess-AI/src/components/onboarding/simple-onboarding.tsx'
    Imported via "@/components/ui/button" from file 'C:/Users/prett/OneDrive/Desktop/projects/SoloSuccess-AI/src/components/onboarding/welcome-dashboard.tsx'
    Imported via "@/components/ui/button" from file 'C:/Users/prett/OneDrive/Desktop/projects/SoloSuccess-AI/src/components/mobile/pwa-install-prompt.tsx'
    Imported via "@/components/ui/button" from file 'C:/Users/prett/OneDrive/Desktop/projects/SoloSuccess-AI/src/components/mobile/mobile-pwa-provider.tsx'
    Imported via "@/components/ui/button" from file 'C:/Users/prett/OneDrive/Desktop/projects/SoloSuccess-AI/src/components/mobile/mobile-dashboard-widgets.tsx'
    Imported via "@/components/ui/button" from file 'C:/Users/prett/OneDrive/Desktop/projects/SoloSuccess-AI/src/components/mobile/voice-task-creator.tsx'
    Imported via "@/components/ui/button" from file 'C:/Users/prett/OneDrive/Desktop/projects/SoloSuccess-AI/src/components/mobile/mobile-dashboard.tsx'
    Imported via "@/components/ui/button" from file 'C:/Users/prett/OneDrive/Desktop/projects/SoloSuccess-AI/src/components/mobile/mobile-dashboard-enhanced.tsx'
    Imported via '@/components/ui/button' from file 'C:/Users/prett/OneDrive/Desktop/projects/SoloSuccess-AI/src/components/collaboration/CollaborationDashboard.tsx'
    Imported via '@/components/ui/button' from file 'C:/Users/prett/OneDrive/Desktop/projects/SoloSuccess-AI/app/dashboard/collaboration/sessions/[id]/page.tsx'
    Imported via '@/components/ui/button' from file 'C:/Users/prett/OneDrive/Desktop/projects/SoloSuccess-AI/src/components/collaboration/MessageInterface.tsx'
    Imported via '@/components/ui/button' from file 'C:/Users/prett/OneDrive/Desktop/projects/SoloSuccess-AI/src/components/collaboration/AgentInterface.tsx'
    Imported via '@/components/ui/button' from file 'C:/Users/prett/OneDrive/Desktop/projects/SoloSuccess-AI/src/components/collaboration/SessionControls.tsx'
    Imported via "@/components/ui/button" from file 'C:/Users/prett/OneDrive/Desktop/projects/SoloSuccess-AI/app/dashboard/competitors/[id]/edit/page.tsx'
    Imported via "@/components/ui/button" from file 'C:/Users/prett/OneDrive/Desktop/projects/SoloSuccess-AI/src/components/ui/alert-dialog.tsx'
    Imported via "@/components/ui/button" from file 'C:/Users/prett/OneDrive/Desktop/projects/SoloSuccess-AI/app/dashboard/competitors/discover/page.tsx'
    Imported via "@/components/ui/button" from file 'C:/Users/prett/OneDrive/Desktop/projects/SoloSuccess-AI/app/dashboard/competitors/import/page.tsx'
    Imported via '@/components/ui/button' from file 'C:/Users/prett/OneDrive/Desktop/projects/SoloSuccess-AI/app/dashboard/competitors/intelligence/page.tsx'
    Imported via "@/components/ui/button" from file 'C:/Users/prett/OneDrive/Desktop/projects/SoloSuccess-AI/src/components/evolve/evolve-dashboard.tsx'
    Imported via "@/components/ui/button" from file 'C:/Users/prett/OneDrive/Desktop/projects/SoloSuccess-AI/src/components/evolve/first-hire-architect.tsx'
    Imported via "@/components/ui/button" from file 'C:/Users/prett/OneDrive/Desktop/projects/SoloSuccess-AI/src/components/evolve/compensation-modeler.tsx'
    Imported via "@/components/ui/button" from file 'C:/Users/prett/OneDrive/Desktop/projects/SoloSuccess-AI/app/dashboard/incinerator/page.tsx'
    Imported via "@/components/ui/button" from file 'C:/Users/prett/OneDrive/Desktop/projects/SoloSuccess-AI/src/components/integrations/integration-hub.tsx'
    Imported via '@/components/ui/button' from file 'C:/Users/prett/OneDrive/Desktop/projects/SoloSuccess-AI/app/dashboard/learning/page.tsx'
    Imported via "@/components/ui/button" from file 'C:/Users/prett/OneDrive/Desktop/projects/SoloSuccess-AI/app/dashboard/notifications/page.tsx'
    Imported via '@/components/ui/button' from file 'C:/Users/prett/OneDrive/Desktop/projects/SoloSuccess-AI/app/dashboard/settings/page.tsx'
    Imported via '@/components/ui/button' from file 'C:/Users/prett/OneDrive/Desktop/projects/SoloSuccess-AI/src/components/integrations/social-media-integration.tsx'
    Imported via '@/components/ui/button' from file 'C:/Users/prett/OneDrive/Desktop/projects/SoloSuccess-AI/src/components/integrations/calendar-integration.tsx'
    Imported via '@/components/ui/button' from file 'C:/Users/prett/OneDrive/Desktop/projects/SoloSuccess-AI/src/components/integrations/revenue-integration.tsx'
    Imported via "@/components/ui/button" from file 'C:/Users/prett/OneDrive/Desktop/projects/SoloSuccess-AI/src/components/ai/task-intelligence-panel.tsx'
    Imported via "@/components/ui/button" from file 'C:/Users/prett/OneDrive/Desktop/projects/SoloSuccess-AI/src/components/voice/voice-task-creator.tsx'
    Imported via '@/components/ui/button' from file 'C:/Users/prett/OneDrive/Desktop/projects/SoloSuccess-AI/src/components/subscription/subscription-manager.tsx'
    Imported via "@/components/ui/button" from file 'C:/Users/prett/OneDrive/Desktop/projects/SoloSuccess-AI/app/dashboard/workspace/page.tsx'
    Imported via '@/components/ui/button' from file 'C:/Users/prett/OneDrive/Desktop/projects/SoloSuccess-AI/src/components/auth/forgot-password-form.tsx'
    Imported via '@/components/ui/button' from file 'C:/Users/prett/OneDrive/Desktop/projects/SoloSuccess-AI/app/gdpr/page.tsx'
    Imported via '@/components/ui/button' from file 'C:/Users/prett/OneDrive/Desktop/projects/SoloSuccess-AI/src/components/auth/login-form.tsx'
    Imported via "@/components/ui/button" from file 'C:/Users/prett/OneDrive/Desktop/projects/SoloSuccess-AI/app/offline/page.tsx'
    Imported via '@/components/ui/button' from file 'C:/Users/prett/OneDrive/Desktop/projects/SoloSuccess-AI/app/pricing/dominator/page.tsx'
    Imported via '@/components/ui/button' from file 'C:/Users/prett/OneDrive/Desktop/projects/SoloSuccess-AI/src/components/auth/register-form.tsx'
    Imported via "@/components/ui/button" from file 'C:/Users/prett/OneDrive/Desktop/projects/SoloSuccess-AI/app/team/page.tsx'
    Imported via "@/components/ui/button" from file 'C:/Users/prett/OneDrive/Desktop/projects/SoloSuccess-AI/src/components/guardian-ai/guardian-ai-dashboard.tsx'
    Imported via "@/components/ui/button" from file 'C:/Users/prett/OneDrive/Desktop/projects/SoloSuccess-AI/src/components/guardian-ai/compliance-scanner.tsx'
    Imported via "@/components/ui/button" from file 'C:/Users/prett/OneDrive/Desktop/projects/SoloSuccess-AI/src/components/guardian-ai/policy-generator.tsx'
    Imported via "@/components/ui/button" from file 'C:/Users/prett/OneDrive/Desktop/projects/SoloSuccess-AI/src/components/guardian-ai/consent-management.tsx'
    Imported via "@/components/ui/button" from file 'C:/Users/prett/OneDrive/Desktop/projects/SoloSuccess-AI/src/components/decision-frameworks/cost-benefit-matrix.tsx'
    Imported via "@/components/ui/button" from file 'C:/Users/prett/OneDrive/Desktop/projects/SoloSuccess-AI/src/components/decision-frameworks/spade-framework.tsx'
    Imported via "@/components/ui/button" from file 'C:/Users/prett/OneDrive/Desktop/projects/SoloSuccess-AI/src/components/decision-frameworks/five-whys-analysis.tsx'
    Imported via "@/components/ui/button" from file 'C:/Users/prett/OneDrive/Desktop/projects/SoloSuccess-AI/app/user/page.tsx'
    Imported via '@/components/ui/button' from file 'C:/Users/prett/OneDrive/Desktop/projects/SoloSuccess-AI/src/components/BrandStudioSaveIntegration.tsx'
    Imported via '@/components/ui/button' from file 'C:/Users/prett/OneDrive/Desktop/projects/SoloSuccess-AI/src/components/ChatSaveIntegration.tsx'
    Imported via '@/components/ui/button' from file 'C:/Users/prett/OneDrive/Desktop/projects/SoloSuccess-AI/src/components/TemplateSaveIntegration.tsx'
    Imported via '@/components/ui/button' from file 'C:/Users/prett/OneDrive/Desktop/projects/SoloSuccess-AI/src/components/file-preview-modal.tsx'
    Imported via "@/components/ui/button" from file 'C:/Users/prett/OneDrive/Desktop/projects/SoloSuccess-AI/src/components/theme-toggle.tsx'
    Imported via '@/components/ui/button' from file 'C:/Users/prett/OneDrive/Desktop/projects/SoloSuccess-AI/src/components/ai/smart-prioritizer.tsx'
    Imported via '@/components/ui/button' from file 'C:/Users/prett/OneDrive/Desktop/projects/SoloSuccess-AI/src/components/analytics/advanced-data-visualization.tsx'
    Imported via '@/components/ui/button' from file 'C:/Users/prett/OneDrive/Desktop/projects/SoloSuccess-AI/src/components/analytics/advanced-data-visualization.tsx'
    Imported via '@/components/ui/button' from file 'C:/Users/prett/OneDrive/Desktop/projects/SoloSuccess-AI/src/components/analytics/analytics-dashboard.tsx'
    Imported via '@/components/ui/button' from file 'C:/Users/prett/OneDrive/Desktop/projects/SoloSuccess-AI/src/components/analytics/predictive-insights-dashboard.tsx'
    Imported via '@/components/ui/button' from file 'C:/Users/prett/OneDrive/Desktop/projects/SoloSuccess-AI/src/components/analytics/custom-report-builder-enhanced.tsx'
    Imported via '@/components/ui/button' from file 'C:/Users/prett/OneDrive/Desktop/projects/SoloSuccess-AI/src/components/analytics/custom-report-builder.tsx'
    Imported via '@/components/ui/button' from file 'C:/Users/prett/OneDrive/Desktop/projects/SoloSuccess-AI/src/components/analytics/custom-report-builder.tsx'
    Imported via '@/components/ui/button' from file 'C:/Users/prett/OneDrive/Desktop/projects/SoloSuccess-AI/src/components/analytics/productivity-dashboard.tsx'
    Imported via '@/components/ui/button' from file 'C:/Users/prett/OneDrive/Desktop/projects/SoloSuccess-AI/src/components/auth/sign-out-button.tsx'
    Imported via '@/components/ui/button' from file 'C:/Users/prett/OneDrive/Desktop/projects/SoloSuccess-AI/src/components/briefcase/advanced-search-panel.tsx'
    Imported via "@/components/ui/button" from file 'C:/Users/prett/OneDrive/Desktop/projects/SoloSuccess-AI/src/components/ui/date-range-picker.tsx'
    Imported via '@/components/ui/button' from file 'C:/Users/prett/OneDrive/Desktop/projects/SoloSuccess-AI/src/components/ui/calendar.tsx'
    Imported via '@/components/ui/button' from file 'C:/Users/prett/OneDrive/Desktop/projects/SoloSuccess-AI/src/components/briefcase/ai-insights-panel.tsx'
    Imported via '@/components/ui/button' from file 'C:/Users/prett/OneDrive/Desktop/projects/SoloSuccess-AI/src/components/briefcase/bulk-operations-panel.tsx'
    Imported via '@/components/ui/button' from file 'C:/Users/prett/OneDrive/Desktop/projects/SoloSuccess-AI/src/components/briefcase/document-versioning-modal.tsx'
    Imported via '@/components/ui/button' from file 'C:/Users/prett/OneDrive/Desktop/projects/SoloSuccess-AI/src/components/briefcase/enhanced-dashboard.tsx'
    Imported via '@/components/ui/button' from file 'C:/Users/prett/OneDrive/Desktop/projects/SoloSuccess-AI/src/components/briefcase/enhanced-file-preview-modal.tsx'
    Imported via '@/components/ui/button' from file 'C:/Users/prett/OneDrive/Desktop/projects/SoloSuccess-AI/src/components/briefcase/file-metadata-panel.tsx'
    Imported via '@/components/ui/button' from file 'C:/Users/prett/OneDrive/Desktop/projects/SoloSuccess-AI/src/components/briefcase/file-sharing-modal.tsx'
    Imported via '@/components/ui/button' from file 'C:/Users/prett/OneDrive/Desktop/projects/SoloSuccess-AI/src/components/briefcase/folder-creation-dialog.tsx'
    Imported via '@/components/ui/button' from file 'C:/Users/prett/OneDrive/Desktop/projects/SoloSuccess-AI/src/components/briefcase/version-history-modal.tsx'
    Imported via '@/components/ui/button' from file 'C:/Users/prett/OneDrive/Desktop/projects/SoloSuccess-AI/src/components/collaboration/SessionManager.tsx'
    Imported via "@/components/ui/button" from file 'C:/Users/prett/OneDrive/Desktop/projects/SoloSuccess-AI/src/components/collaboration/collaboration-hub.tsx'
    Imported via '@/components/ui/button' from file 'C:/Users/prett/OneDrive/Desktop/projects/SoloSuccess-AI/src/components/competitors/alert-dashboard.tsx'
    Imported via '@/components/ui/button' from file 'C:/Users/prett/OneDrive/Desktop/projects/SoloSuccess-AI/src/components/competitors/alert-notifications.tsx'
    Imported via '@/components/ui/button' from file 'C:/Users/prett/OneDrive/Desktop/projects/SoloSuccess-AI/src/components/competitors/blaze-growth-intelligence.tsx'
    Imported via '@/components/ui/button' from file 'C:/Users/prett/OneDrive/Desktop/projects/SoloSuccess-AI/src/components/competitors/notification-preferences.tsx'
    Imported via '@/components/ui/button' from file 'C:/Users/prett/OneDrive/Desktop/projects/SoloSuccess-AI/src/components/competitors/pricing-intelligence-dashboard.tsx'
    Imported via '@/components/ui/button' from file 'C:/Users/prett/OneDrive/Desktop/projects/SoloSuccess-AI/src/components/competitors/scraping-manager.tsx'
    Imported via "@/components/ui/button" from file 'C:/Users/prett/OneDrive/Desktop/projects/SoloSuccess-AI/src/components/dashboard/google-calendar-widget.tsx'
    Imported via "@/components/ui/button" from file 'C:/Users/prett/OneDrive/Desktop/projects/SoloSuccess-AI/src/components/feedback/holographic-feedback-widget.tsx'
    Imported via "@/components/ui/button" from file 'C:/Users/prett/OneDrive/Desktop/projects/SoloSuccess-AI/src/components/footer/app-footer.tsx'
    Imported via '@/components/ui/button' from file 'C:/Users/prett/OneDrive/Desktop/projects/SoloSuccess-AI/src/components/forms/secure-contact-form.tsx'
    Imported via "@/components/ui/button" from file 'C:/Users/prett/OneDrive/Desktop/projects/SoloSuccess-AI/src/components/gamification/achievement-celebration.tsx'
    Imported via '@/components/ui/button' from file 'C:/Users/prett/OneDrive/Desktop/projects/SoloSuccess-AI/src/components/intelligence/agent-briefing-dashboard.tsx'
    Imported via '@/components/ui/button' from file 'C:/Users/prett/OneDrive/Desktop/projects/SoloSuccess-AI/src/components/intelligence/briefing-dashboard.tsx'
    Imported via "@/components/ui/button" from file 'C:/Users/prett/OneDrive/Desktop/projects/SoloSuccess-AI/src/components/intelligence/intelligence-results.tsx'
    Imported via "@/components/ui/button" from file 'C:/Users/prett/OneDrive/Desktop/projects/SoloSuccess-AI/src/components/intelligence/intelligence-search.tsx'
    Imported via '@/components/ui/button' from file 'C:/Users/prett/OneDrive/Desktop/projects/SoloSuccess-AI/src/components/marketing/plan-quiz.tsx'
    Imported via "@/components/ui/button" from file 'C:/Users/prett/OneDrive/Desktop/projects/SoloSuccess-AI/src/components/notifications/notification-settings.tsx'
    Imported via "@/components/ui/button" from file 'C:/Users/prett/OneDrive/Desktop/projects/SoloSuccess-AI/src/components/onboarding/enhanced-welcome-flow.tsx'
    Imported via "@/components/ui/button" from file 'C:/Users/prett/OneDrive/Desktop/projects/SoloSuccess-AI/src/components/onboarding/feature-discovery.tsx'
    Imported via "@/components/ui/button" from file 'C:/Users/prett/OneDrive/Desktop/projects/SoloSuccess-AI/src/components/onboarding/interactive-tutorial.tsx'
    Imported via "@/components/ui/button" from file 'C:/Users/prett/OneDrive/Desktop/projects/SoloSuccess-AI/src/components/onboarding/onboarding-wizard.tsx'
    Imported via "@/components/ui/button" from file 'C:/Users/prett/OneDrive/Desktop/projects/SoloSuccess-AI/src/components/onboarding/progressive-onboarding.tsx'
    Imported via "@/components/ui/button" from file 'C:/Users/prett/OneDrive/Desktop/projects/SoloSuccess-AI/src/components/profile/enhanced-profile-modal.tsx'
    Imported via "@/components/ui/button" from file 'C:/Users/prett/OneDrive/Desktop/projects/SoloSuccess-AI/src/components/profile/profile-modal.tsx'
    Imported via '@/components/ui/button' from file 'C:/Users/prett/OneDrive/Desktop/projects/SoloSuccess-AI/src/components/recaptcha/recaptcha-button.tsx'
    Imported via "@/components/ui/button" from file 'C:/Users/prett/OneDrive/Desktop/projects/SoloSuccess-AI/src/components/schedule/schedule-demo-modal.tsx'
    Imported via '@/components/ui/button' from file 'C:/Users/prett/OneDrive/Desktop/projects/SoloSuccess-AI/src/components/settings/api-keys-tutorial.tsx'
    Imported via "@/components/ui/button" from file 'C:/Users/prett/OneDrive/Desktop/projects/SoloSuccess-AI/src/components/social/boss-community.tsx'
    Imported via "@/components/ui/button" from file 'C:/Users/prett/OneDrive/Desktop/projects/SoloSuccess-AI/src/components/subscription/feature-gate.tsx'
    Imported via '@/components/ui/button' from file 'C:/Users/prett/OneDrive/Desktop/projects/SoloSuccess-AI/src/components/subscription/pricing-cards.tsx'
    Imported via "@/components/ui/button" from file 'C:/Users/prett/OneDrive/Desktop/projects/SoloSuccess-AI/src/components/subscription/subscription-status.tsx'
    Imported via "@/components/ui/button" from file 'C:/Users/prett/OneDrive/Desktop/projects/SoloSuccess-AI/src/components/tasks/gesture-task-card.tsx'
    Imported via "@/components/ui/button" from file 'C:/Users/prett/OneDrive/Desktop/projects/SoloSuccess-AI/src/components/templates/customer-journey-mapper.tsx'
    Imported via "@/components/ui/button" from file 'C:/Users/prett/OneDrive/Desktop/projects/SoloSuccess-AI/src/components/templates/email-campaign-builder.tsx'
    Imported via "@/components/ui/button" from file 'C:/Users/prett/OneDrive/Desktop/projects/SoloSuccess-AI/src/components/templates/project-timeline.tsx'
    Imported via '@/components/ui/button' from file 'C:/Users/prett/OneDrive/Desktop/projects/SoloSuccess-AI/src/components/templates/saved-templates-list.tsx'
    Imported via "@/components/ui/button" from file 'C:/Users/prett/OneDrive/Desktop/projects/SoloSuccess-AI/src/components/templates/social-media-strategy.tsx'
    Imported via "@/components/ui/button" from file 'C:/Users/prett/OneDrive/Desktop/projects/SoloSuccess-AI/src/components/templates/strategic-business-plan.tsx'
    Imported via '@/components/ui/button' from file 'C:/Users/prett/OneDrive/Desktop/projects/SoloSuccess-AI/src/components/temporal/workflow-status.tsx'
    Imported via './Button' from file 'C:/Users/prett/OneDrive/Desktop/projects/SoloSuccess-AI/src/components/ui/Modal.tsx'
    Imported via './button' from file 'C:/Users/prett/OneDrive/Desktop/projects/SoloSuccess-AI/src/components/ui/button.stories.tsx'
    Matched by include pattern '**/*.tsx' in 'C:/Users/prett/OneDrive/Desktop/projects/SoloSuccess-AI/tsconfig.json'
    Imported via "@/components/ui/button" from file 'C:/Users/prett/OneDrive/Desktop/projects/SoloSuccess-AI/src/components/ui/carousel.tsx'
    Imported via './button' from file 'C:/Users/prett/OneDrive/Desktop/projects/SoloSuccess-AI/src/components/ui/error-boundary.tsx'
    Imported via "@/components/ui/button" from file 'C:/Users/prett/OneDrive/Desktop/projects/SoloSuccess-AI/src/components/ui/error-handler.tsx'
    Imported via "@/components/ui/button" from file 'C:/Users/prett/OneDrive/Desktop/projects/SoloSuccess-AI/src/components/ui/floating-action-button.tsx'
    Imported via "@/components/ui/button" from file 'C:/Users/prett/OneDrive/Desktop/projects/SoloSuccess-AI/src/components/ui/help-tooltip.tsx'
    Imported via "@/components/ui/button" from file 'C:/Users/prett/OneDrive/Desktop/projects/SoloSuccess-AI/src/components/ui/pagination.tsx'
    Imported via '@/components/ui/button' from file 'C:/Users/prett/OneDrive/Desktop/projects/SoloSuccess-AI/src/components/ui/voice-input.tsx'
    Imported via "@/components/ui/button" from file 'C:/Users/prett/OneDrive/Desktop/projects/SoloSuccess-AI/src/components/voice/voice-chat.tsx'
    Imported via '@/components/ui/button' from file 'C:/Users/prett/OneDrive/Desktop/projects/SoloSuccess-AI/src/components/workflow/visual-workflow-builder.tsx'
    Imported via '@/components/ui/button' from file 'C:/Users/prett/OneDrive/Desktop/projects/SoloSuccess-AI/src/components/workflow/visual-workflow-builder.tsx'
    Imported via '@/components/ui/button' from file 'C:/Users/prett/OneDrive/Desktop/projects/SoloSuccess-AI/src/components/workflow/workflow-execution-monitor.tsx'
    Imported via '@/components/ui/button' from file 'C:/Users/prett/OneDrive/Desktop/projects/SoloSuccess-AI/src/components/workflow/workflow-execution-monitor.tsx'
    Imported via '@/components/ui/button' from file 'C:/Users/prett/OneDrive/Desktop/projects/SoloSuccess-AI/src/components/workflow/workflow-templates.tsx'
    Imported via '@/components/ui/button' from file 'C:/Users/prett/OneDrive/Desktop/projects/SoloSuccess-AI/src/components/workflow/workflow-templates.tsx'
src/components/ui/sidebar.tsx(266,7): error TS2322: Type '"icon"' is not assignable to type '"lg" | "md" | "sm"'.
src/components/ui/smart-tip.tsx(103,28): error TS2322: Type '"outline"' is not assignable to type '"cyan" | "purple" | "magenta" | "lime" | "orange"'.
src/components/workflow/visual-workflow-builder.tsx(423,15): error TS2322: Type '"secondary"' is not assignable to type '"cyan" | "purple" | "magenta" | "lime" | "orange"'.
src/components/workflow/visual-workflow-builder.tsx(542,20): error TS2322: Type '"secondary"' is not assignable to type '"cyan" | "purple" | "magenta" | "lime" | "orange"'.
src/components/workflow/workflow-dashboard.tsx(41,55): error TS2304: Cannot find name 'WorkflowDashboardProps'.
src/components/workflow/workflow-dashboard.tsx(43,38): error TS2304: Cannot find name 'WorkflowStats'.
src/components/workflow/workflow-dashboard.tsx(43,53): error TS2304: Cannot find name 'INITIAL_STATS'.
src/components/workflow/workflow-dashboard.tsx(44,60): error TS2304: Cannot find name 'Workflow'.
src/components/workflow/workflow-dashboard.tsx(48,21): error TS2304: Cannot find name 'useToast'.
src/components/workflow/workflow-dashboard.tsx(96,53): error TS2304: Cannot find name 'Workflow'.
src/components/workflow/workflow-dashboard.tsx(107,56): error TS2304: Cannot find name 'Workflow'.
src/components/workflow/workflow-dashboard.tsx(183,14): error TS2304: Cannot find name 'PrimaryButton'.
src/components/workflow/workflow-dashboard.tsx(189,15): error TS2304: Cannot find name 'PrimaryButton'.
src/components/workflow/workflow-dashboard.tsx(191,14): error TS2304: Cannot find name 'PrimaryButton'.
src/components/workflow/workflow-dashboard.tsx(197,15): error TS2304: Cannot find name 'PrimaryButton'.
src/components/workflow/workflow-dashboard.tsx(203,27): error TS2304: Cannot find name 'cn'.
src/components/workflow/workflow-dashboard.tsx(208,27): error TS2304: Cannot find name 'cn'.
src/components/workflow/workflow-dashboard.tsx(213,27): error TS2304: Cannot find name 'cn'.
src/components/workflow/workflow-dashboard.tsx(218,27): error TS2304: Cannot find name 'cn'.
src/components/workflow/workflow-dashboard.tsx(223,27): error TS2304: Cannot find name 'cn'.
src/components/workflow/workflow-dashboard.tsx(228,27): error TS2304: Cannot find name 'cn'.
src/components/workflow/workflow-dashboard.tsx(233,27): error TS2304: Cannot find name 'cn'.
src/components/workflow/workflow-dashboard.tsx(238,27): error TS2304: Cannot find name 'cn'.
src/components/workflow/workflow-dashboard.tsx(342,20): error TS2304: Cannot find name 'PrimaryButton'.
src/components/workflow/workflow-dashboard.tsx(350,21): error TS2304: Cannot find name 'PrimaryButton'.
src/components/workflow/workflow-dashboard.tsx(352,20): error TS2304: Cannot find name 'PrimaryButton'.
src/components/workflow/workflow-dashboard.tsx(360,21): error TS2304: Cannot find name 'PrimaryButton'.
src/components/workflow/workflow-dashboard.tsx(362,20): error TS2304: Cannot find name 'PrimaryButton'.
src/components/workflow/workflow-dashboard.tsx(370,21): error TS2304: Cannot find name 'PrimaryButton'.
src/components/workflow/workflow-dashboard.tsx(372,20): error TS2304: Cannot find name 'PrimaryButton'.
src/components/workflow/workflow-dashboard.tsx(383,21): error TS2304: Cannot find name 'PrimaryButton'.
src/components/workflow/workflow-dashboard.tsx(397,20): error TS2304: Cannot find name 'PrimaryButton'.
src/components/workflow/workflow-dashboard.tsx(404,21): error TS2304: Cannot find name 'PrimaryButton'.
src/components/workflow/workflow-dashboard.tsx(406,20): error TS2304: Cannot find name 'PrimaryButton'.
src/components/workflow/workflow-dashboard.tsx(414,21): error TS2304: Cannot find name 'PrimaryButton'.
src/components/workflow/workflow-dashboard.tsx(423,22): error TS2304: Cannot find name 'Badge'.
src/components/workflow/workflow-dashboard.tsx(425,23): error TS2304: Cannot find name 'Badge'.
src/components/workflow/workflow-dashboard.tsx(426,22): error TS2304: Cannot find name 'Badge'.
src/components/workflow/workflow-dashboard.tsx(428,23): error TS2304: Cannot find name 'Badge'.
src/components/workflow/workflow-dashboard.tsx(442,18): error TS2304: Cannot find name 'PrimaryButton'.
src/components/workflow/workflow-dashboard.tsx(452,19): error TS2304: Cannot find name 'PrimaryButton'.
src/components/workflow/workflow-dashboard.tsx(464,18): error TS2304: Cannot find name 'PrimaryButton'.
src/components/workflow/workflow-dashboard.tsx(474,19): error TS2304: Cannot find name 'PrimaryButton'.
src/components/workflow/workflow-dashboard.tsx(500,22): error TS2304: Cannot find name 'PrimaryButton'.
src/components/workflow/workflow-dashboard.tsx(503,23): error TS2304: Cannot find name 'PrimaryButton'.
src/components/workflow/workflow-dashboard.tsx(505,22): error TS2304: Cannot find name 'PrimaryButton'.
src/components/workflow/workflow-dashboard.tsx(511,23): error TS2304: Cannot find name 'PrimaryButton'.
src/components/workflow/workflow-dashboard.tsx(525,18): error TS2304: Cannot find name 'VisualWorkflowBuilder'.
src/components/workflow/workflow-dashboard.tsx(541,18): error TS2304: Cannot find name 'WorkflowTemplates'.
src/components/workflow/workflow-dashboard.tsx(556,18): error TS2304: Cannot find name 'WorkflowExecutionMonitor'.
src/components/workflow/workflow-templates.tsx(547,17): error TS2322: Type '"default" | "ghost"' is not assignable to type '"success" | "error" | "info" | "cyan" | "purple" | "magenta" | "warning" | "outline" | "ghost" | "lime" | "orange"'.
  Type '"default"' is not assignable to type '"success" | "error" | "info" | "cyan" | "purple" | "magenta" | "warning" | "outline" | "ghost" | "lime" | "orange"'.
src/lib/__tests__/scraping-scheduler.test.ts(3,67): error TS2307: Cannot find module '@jest/globals' or its corresponding type declarations.
src/lib/agent-collaboration.ts(160,7): error TS2353: Object literal may only specify known properties, and 'maxOutputTokens' does not exist in type 'CallSettings & Prompt & { model: LanguageModelV1; tools?: ToolSet; toolChoice?: ToolChoice<ToolSet>; maxSteps?: number; ... 10 more ...; _internal?: { ...; }; }'.
src/lib/agent-collaboration.ts(226,7): error TS2353: Object literal may only specify known properties, and 'maxOutputTokens' does not exist in type 'CallSettings & Prompt & { model: LanguageModelV1; tools?: ToolSet; toolChoice?: ToolChoice<ToolSet>; maxSteps?: number; ... 10 more ...; _internal?: { ...; }; }'.
src/lib/agent-collaboration.ts(269,7): error TS2353: Object literal may only specify known properties, and 'maxOutputTokens' does not exist in type 'CallSettings & Prompt & { model: LanguageModelV1; tools?: ToolSet; toolChoice?: ToolChoice<ToolSet>; maxSteps?: number; ... 10 more ...; _internal?: { ...; }; }'.
src/lib/agent-interface.ts(487,9): error TS2322: Type '{ id?: string; description?: string; status?: "active" | "pending" | "completed" | "blocked"; priority?: "high" | "medium" | "low"; assignedAgent?: string; }[]' is not assignable to type '{ id: string; description: string; status: string; priority: string; }[]'.
  Type '{ id?: string; description?: string; status?: "active" | "pending" | "completed" | "blocked"; priority?: "high" | "medium" | "low"; assignedAgent?: string; }' is not assignable to type '{ id: string; description: string; status: string; priority: string; }'.
    Property 'id' is optional in type '{ id?: string; description?: string; status?: "active" | "pending" | "completed" | "blocked"; priority?: "high" | "medium" | "low"; assignedAgent?: string; }' but required in type '{ id: string; description: string; status: string; priority: string; }'.
src/lib/ai-personality-system.ts(338,7): error TS2353: Object literal may only specify known properties, and 'maxOutputTokens' does not exist in type 'CallSettings & Prompt & { model: LanguageModelV1; tools?: ToolSet; toolChoice?: ToolChoice<ToolSet>; maxSteps?: number; ... 10 more ...; _internal?: { ...; }; }'.
src/lib/ai-task-intelligence.ts(188,9): error TS2353: Object literal may only specify known properties, and 'maxOutputTokens' does not exist in type 'CallSettings & Prompt & { model: LanguageModelV1; tools?: ToolSet; toolChoice?: ToolChoice<ToolSet>; maxSteps?: number; ... 10 more ...; _internal?: { ...; }; }'.
src/lib/ai-task-intelligence.ts(431,9): error TS2353: Object literal may only specify known properties, and 'maxOutputTokens' does not exist in type 'CallSettings & Prompt & { model: LanguageModelV1; tools?: ToolSet; toolChoice?: ToolChoice<ToolSet>; maxSteps?: number; ... 10 more ...; _internal?: { ...; }; }'.
src/lib/analytics-export.ts(413,29): error TS2339: Property 'generateCSVContent' does not exist on type 'AnalyticsExportService'.
src/lib/api-middleware.ts(181,55): error TS2339: Property 'response' does not exist on type '{ success: false; response: NextResponse<unknown>; } | { success: true; data: any; }'.
  Property 'response' does not exist on type '{ success: true; data: any; }'.
src/lib/api-middleware.ts(182,33): error TS2339: Property 'response' does not exist on type '{ success: false; response: NextResponse<unknown>; } | { success: true; data: any; }'.
  Property 'response' does not exist on type '{ success: true; data: any; }'.
src/lib/api-middleware.ts(189,57): error TS2339: Property 'response' does not exist on type '{ success: false; response: NextResponse<unknown>; } | { success: true; data: any; }'.
  Property 'response' does not exist on type '{ success: true; data: any; }'.
src/lib/api-middleware.ts(190,34): error TS2339: Property 'response' does not exist on type '{ success: false; response: NextResponse<unknown>; } | { success: true; data: any; }'.
  Property 'response' does not exist on type '{ success: true; data: any; }'.
src/lib/blaze-growth-intelligence.ts(371,7): error TS2353: Object literal may only specify known properties, and 'maxOutputTokens' does not exist in type 'CallSettings & Prompt & { model: LanguageModelV1; tools?: ToolSet; toolChoice?: ToolChoice<ToolSet>; maxSteps?: number; ... 10 more ...; _internal?: { ...; }; }'.
src/lib/blaze-growth-intelligence.ts(433,27): error TS2353: Object literal may only specify known properties, and 'maxOutputTokens' does not exist in type 'CallSettings & Prompt & { model: LanguageModelV1; tools?: ToolSet; toolChoice?: ToolChoice<ToolSet>; maxSteps?: number; ... 10 more ...; _internal?: { ...; }; }'.
src/lib/blaze-growth-intelligence.ts(512,9): error TS2353: Object literal may only specify known properties, and 'maxOutputTokens' does not exist in type 'CallSettings & Prompt & { model: LanguageModelV1; tools?: ToolSet; toolChoice?: ToolChoice<ToolSet>; maxSteps?: number; ... 10 more ...; _internal?: { ...; }; }'.
src/lib/blaze-growth-intelligence.ts(590,27): error TS2353: Object literal may only specify known properties, and 'maxOutputTokens' does not exist in type 'CallSettings & Prompt & { model: LanguageModelV1; tools?: ToolSet; toolChoice?: ToolChoice<ToolSet>; maxSteps?: number; ... 10 more ...; _internal?: { ...; }; }'.
src/lib/blaze-growth-intelligence.ts(647,27): error TS2353: Object literal may only specify known properties, and 'maxOutputTokens' does not exist in type 'CallSettings & Prompt & { model: LanguageModelV1; tools?: ToolSet; toolChoice?: ToolChoice<ToolSet>; maxSteps?: number; ... 10 more ...; _internal?: { ...; }; }'.
src/lib/custom-ai-agents/core-agent.ts(234,9): error TS2353: Object literal may only specify known properties, and 'maxOutputTokens' does not exist in type 'CallSettings & Prompt & { model: LanguageModelV1; tools?: ToolSet; toolChoice?: ToolChoice<ToolSet>; maxSteps?: number; ... 10 more ...; _internal?: { ...; }; }'.
src/lib/custom-ai-agents/core-agent.ts(328,9): error TS2322: Type '{ insights: { id?: string; type?: string; description?: string; title?: string; confidence?: number; impact?: string; urgency?: string; supportingData?: Record<string, any>[]; }[]; recommendations: { ...; }[]; metadata: Record<...>; }' is not assignable to type '{ insights: { id?: string; type: string; title: string; description: string; confidence?: number; impact?: string; urgency?: string; supportingData?: Record<string, any>[]; }[]; recommendations: { ...; }[]; metadata?: Record<...>; }'.
  Types of property 'insights' are incompatible.
    Type '{ id?: string; type?: string; description?: string; title?: string; confidence?: number; impact?: string; urgency?: string; supportingData?: Record<string, any>[]; }[]' is not assignable to type '{ id?: string; type: string; title: string; description: string; confidence?: number; impact?: string; urgency?: string; supportingData?: Record<string, any>[]; }[]'.
      Type '{ id?: string; type?: string; description?: string; title?: string; confidence?: number; impact?: string; urgency?: string; supportingData?: Record<string, any>[]; }' is not assignable to type '{ id?: string; type: string; title: string; description: string; confidence?: number; impact?: string; urgency?: string; supportingData?: Record<string, any>[]; }'.
        Property 'type' is optional in type '{ id?: string; type?: string; description?: string; title?: string; confidence?: number; impact?: string; urgency?: string; supportingData?: Record<string, any>[]; }' but required in type '{ id?: string; type: string; title: string; description: string; confidence?: number; impact?: string; urgency?: string; supportingData?: Record<string, any>[]; }'.
src/lib/custom-ai-agents/security/agent-security-manager.ts(69,17): error TS2339: Property 'verifyToken' does not exist on type 'typeof import("C:/Users/prett/OneDrive/Desktop/projects/SoloSuccess-AI/src/lib/auth-server")'.
src/lib/echo-marketing-intelligence.ts(179,7): error TS2353: Object literal may only specify known properties, and 'maxOutputTokens' does not exist in type 'CallSettings & Prompt & { model: LanguageModelV1; tools?: ToolSet; toolChoice?: ToolChoice<ToolSet>; maxSteps?: number; ... 10 more ...; _internal?: { ...; }; }'.
src/lib/echo-marketing-intelligence.ts(204,7): error TS2353: Object literal may only specify known properties, and 'maxOutputTokens' does not exist in type 'CallSettings & Prompt & { model: LanguageModelV1; tools?: ToolSet; toolChoice?: ToolChoice<ToolSet>; maxSteps?: number; ... 10 more ...; _internal?: { ...; }; }'.
src/lib/echo-marketing-intelligence.ts(227,7): error TS2353: Object literal may only specify known properties, and 'maxOutputTokens' does not exist in type 'CallSettings & Prompt & { model: LanguageModelV1; tools?: ToolSet; toolChoice?: ToolChoice<ToolSet>; maxSteps?: number; ... 10 more ...; _internal?: { ...; }; }'.
src/lib/echo-marketing-intelligence.ts(254,7): error TS2353: Object literal may only specify known properties, and 'maxOutputTokens' does not exist in type 'CallSettings & Prompt & { model: LanguageModelV1; tools?: ToolSet; toolChoice?: ToolChoice<ToolSet>; maxSteps?: number; ... 10 more ...; _internal?: { ...; }; }'.
src/lib/echo-marketing-intelligence.ts(280,7): error TS2353: Object literal may only specify known properties, and 'maxOutputTokens' does not exist in type 'CallSettings & Prompt & { model: LanguageModelV1; tools?: ToolSet; toolChoice?: ToolChoice<ToolSet>; maxSteps?: number; ... 10 more ...; _internal?: { ...; }; }'.
src/lib/lexi-strategic-analysis.ts(316,7): error TS2353: Object literal may only specify known properties, and 'maxOutputTokens' does not exist in type 'CallSettings & Prompt & { model: LanguageModelV1; tools?: ToolSet; toolChoice?: ToolChoice<ToolSet>; maxSteps?: number; ... 10 more ...; _internal?: { ...; }; }'.
src/lib/lexi-strategic-analysis.ts(345,7): error TS2353: Object literal may only specify known properties, and 'maxOutputTokens' does not exist in type 'CallSettings & Prompt & { model: LanguageModelV1; tools?: ToolSet; toolChoice?: ToolChoice<ToolSet>; maxSteps?: number; ... 10 more ...; _internal?: { ...; }; }'.
src/lib/lexi-strategic-analysis.ts(378,7): error TS2353: Object literal may only specify known properties, and 'maxOutputTokens' does not exist in type 'CallSettings & Prompt & { model: LanguageModelV1; tools?: ToolSet; toolChoice?: ToolChoice<ToolSet>; maxSteps?: number; ... 10 more ...; _internal?: { ...; }; }'.
src/lib/lexi-strategic-analysis.ts(401,7): error TS2353: Object literal may only specify known properties, and 'maxOutputTokens' does not exist in type 'CallSettings & Prompt & { model: LanguageModelV1; tools?: ToolSet; toolChoice?: ToolChoice<ToolSet>; maxSteps?: number; ... 10 more ...; _internal?: { ...; }; }'.
src/lib/lexi-strategic-analysis.ts(428,7): error TS2353: Object literal may only specify known properties, and 'maxOutputTokens' does not exist in type 'CallSettings & Prompt & { model: LanguageModelV1; tools?: ToolSet; toolChoice?: ToolChoice<ToolSet>; maxSteps?: number; ... 10 more ...; _internal?: { ...; }; }'.
src/lib/lexi-strategic-analysis.ts(465,7): error TS2353: Object literal may only specify known properties, and 'maxOutputTokens' does not exist in type 'CallSettings & Prompt & { model: LanguageModelV1; tools?: ToolSet; toolChoice?: ToolChoice<ToolSet>; maxSteps?: number; ... 10 more ...; _internal?: { ...; }; }'.
src/lib/notification-job-queue.ts(153,35): error TS2339: Property 'query' does not exist on type 'NeonQueryFunction<false, false>'.
src/lib/notification-job-queue.ts(218,35): error TS2339: Property 'query' does not exist on type 'NeonQueryFunction<false, false>'.
src/lib/notification-job-queue.ts(243,35): error TS2339: Property 'query' does not exist on type 'NeonQueryFunction<false, false>'.
src/lib/notification-job-queue.ts(257,35): error TS2339: Property 'query' does not exist on type 'NeonQueryFunction<false, false>'.
src/lib/nova-product-intelligence.ts(147,7): error TS2353: Object literal may only specify known properties, and 'maxOutputTokens' does not exist in type 'CallSettings & Prompt & { model: LanguageModelV1; tools?: ToolSet; toolChoice?: ToolChoice<ToolSet>; maxSteps?: number; ... 10 more ...; _internal?: { ...; }; }'.
src/lib/nova-product-intelligence.ts(170,7): error TS2353: Object literal may only specify known properties, and 'maxOutputTokens' does not exist in type 'CallSettings & Prompt & { model: LanguageModelV1; tools?: ToolSet; toolChoice?: ToolChoice<ToolSet>; maxSteps?: number; ... 10 more ...; _internal?: { ...; }; }'.
src/lib/nova-product-intelligence.ts(200,7): error TS2353: Object literal may only specify known properties, and 'maxOutputTokens' does not exist in type 'CallSettings & Prompt & { model: LanguageModelV1; tools?: ToolSet; toolChoice?: ToolChoice<ToolSet>; maxSteps?: number; ... 10 more ...; _internal?: { ...; }; }'.
src/lib/nova-product-intelligence.ts(231,7): error TS2353: Object literal may only specify known properties, and 'maxOutputTokens' does not exist in type 'CallSettings & Prompt & { model: LanguageModelV1; tools?: ToolSet; toolChoice?: ToolChoice<ToolSet>; maxSteps?: number; ... 10 more ...; _internal?: { ...; }; }'.
src/lib/nova-product-intelligence.ts(262,7): error TS2353: Object literal may only specify known properties, and 'maxOutputTokens' does not exist in type 'CallSettings & Prompt & { model: LanguageModelV1; tools?: ToolSet; toolChoice?: ToolChoice<ToolSet>; maxSteps?: number; ... 10 more ...; _internal?: { ...; }; }'.
src/lib/nova-product-intelligence.ts(295,7): error TS2353: Object literal may only specify known properties, and 'maxOutputTokens' does not exist in type 'CallSettings & Prompt & { model: LanguageModelV1; tools?: ToolSet; toolChoice?: ToolChoice<ToolSet>; maxSteps?: number; ... 10 more ...; _internal?: { ...; }; }'.
src/lib/stripe.ts(33,7): error TS2322: Type '"2025-08-27.basil"' is not assignable to type '"2025-02-24.acacia"'.
stackbit.config.ts(1,38): error TS2307: Cannot find module '@stackbit/types' or its corresponding type declarations.
test/competitor-enrichment.test.ts(1,56): error TS2307: Cannot find module '@jest/globals' or its corresponding type declarations.
test/compliance-scanner.test.ts(7,1): error TS2582: Cannot find name 'describe'. Do you need to install type definitions for a test runner? Try `npm i --save-dev @types/jest` or `npm i --save-dev @types/mocha`.
test/compliance-scanner.test.ts(8,3): error TS2582: Cannot find name 'it'. Do you need to install type definitions for a test runner? Try `npm i --save-dev @types/jest` or `npm i --save-dev @types/mocha`.
test/compliance-scanner.test.ts(23,5): error TS2304: Cannot find name 'expect'.
test/compliance-scanner.test.ts(24,5): error TS2304: Cannot find name 'expect'.
test/compliance-scanner.test.ts(25,5): error TS2304: Cannot find name 'expect'.
test/compliance-scanner.test.ts(26,5): error TS2304: Cannot find name 'expect'.
test/compliance-scanner.test.ts(29,3): error TS2582: Cannot find name 'it'. Do you need to install type definitions for a test runner? Try `npm i --save-dev @types/jest` or `npm i --save-dev @types/mocha`.
test/compliance-scanner.test.ts(42,5): error TS2304: Cannot find name 'expect'.
test/compliance-scanner.test.ts(43,5): error TS2304: Cannot find name 'expect'.
test/compliance-scanner.test.ts(44,5): error TS2304: Cannot find name 'expect'.
test/compliance-scanner.test.ts(45,5): error TS2304: Cannot find name 'expect'.
test/compliance-scanner.test.ts(48,3): error TS2582: Cannot find name 'it'. Do you need to install type definitions for a test runner? Try `npm i --save-dev @types/jest` or `npm i --save-dev @types/mocha`.
test/compliance-scanner.test.ts(68,5): error TS2304: Cannot find name 'expect'.
test/compliance-scanner.test.ts(69,5): error TS2304: Cannot find name 'expect'.
test/compliance-scanner.test.ts(70,5): error TS2304: Cannot find name 'expect'.
test/compliance-scanner.test.ts(71,5): error TS2304: Cannot find name 'expect'.
test/compliance-scanner.test.ts(74,3): error TS2582: Cannot find name 'it'. Do you need to install type definitions for a test runner? Try `npm i --save-dev @types/jest` or `npm i --save-dev @types/mocha`.
test/compliance-scanner.test.ts(87,5): error TS2304: Cannot find name 'expect'.
test/compliance-scanner.test.ts(88,5): error TS2304: Cannot find name 'expect'.
test/compliance-scanner.test.ts(89,5): error TS2304: Cannot find name 'expect'.
test/compliance-scanner.test.ts(90,5): error TS2304: Cannot find name 'expect'.
test/personality.test.ts(4,1): error TS2582: Cannot find name 'describe'. Do you need to install type definitions for a test runner? Try `npm i --save-dev @types/jest` or `npm i --save-dev @types/mocha`.
test/personality.test.ts(16,3): error TS2582: Cannot find name 'test'. Do you need to install type definitions for a test runner? Try `npm i --save-dev @types/jest` or `npm i --save-dev @types/mocha`.
test/personality.test.ts(18,5): error TS2304: Cannot find name 'expect'.
test/personality.test.ts(19,5): error TS2304: Cannot find name 'expect'.
test/personality.test.ts(20,5): error TS2304: Cannot find name 'expect'.
test/personality.test.ts(23,3): error TS2582: Cannot find name 'test'. Do you need to install type definitions for a test runner? Try `npm i --save-dev @types/jest` or `npm i --save-dev @types/mocha`.
test/personality.test.ts(25,5): error TS2304: Cannot find name 'expect'.
test/personality.test.ts(27,5): error TS2304: Cannot find name 'expect'.
test/personality.test.ts(28,5): error TS2304: Cannot find name 'expect'.
test/personality.test.ts(29,5): error TS2304: Cannot find name 'expect'.
test/personality.test.ts(30,5): error TS2304: Cannot find name 'expect'.
test/scraping-scheduler.test.ts(4,1): error TS2304: Cannot find name 'jest'.
test/scraping-scheduler.test.ts(6,30): error TS2304: Cannot find name 'jest'.
test/scraping-scheduler.test.ts(7,26): error TS2304: Cannot find name 'jest'.
test/scraping-scheduler.test.ts(8,24): error TS2304: Cannot find name 'jest'.
test/scraping-scheduler.test.ts(9,24): error TS2304: Cannot find name 'jest'.
test/scraping-scheduler.test.ts(10,21): error TS2304: Cannot find name 'jest'.
test/scraping-scheduler.test.ts(14,1): error TS2582: Cannot find name 'describe'. Do you need to install type definitions for a test runner? Try `npm i --save-dev @types/jest` or `npm i --save-dev @types/mocha`.
test/scraping-scheduler.test.ts(17,3): error TS2304: Cannot find name 'beforeEach'.
test/scraping-scheduler.test.ts(18,5): error TS2304: Cannot find name 'jest'.
test/scraping-scheduler.test.ts(20,5): error TS2304: Cannot find name 'jest'.
test/scraping-scheduler.test.ts(23,3): error TS2304: Cannot find name 'afterEach'.
test/scraping-scheduler.test.ts(25,5): error TS2304: Cannot find name 'jest'.
test/scraping-scheduler.test.ts(26,5): error TS2304: Cannot find name 'jest'.
test/scraping-scheduler.test.ts(29,3): error TS2582: Cannot find name 'describe'. Do you need to install type definitions for a test runner? Try `npm i --save-dev @types/jest` or `npm i --save-dev @types/mocha`.
test/scraping-scheduler.test.ts(30,5): error TS2582: Cannot find name 'it'. Do you need to install type definitions for a test runner? Try `npm i --save-dev @types/jest` or `npm i --save-dev @types/mocha`.
test/scraping-scheduler.test.ts(32,9): error TS2345: Argument of type 'number' is not assignable to parameter of type 'string'.
test/scraping-scheduler.test.ts(39,7): error TS2304: Cannot find name 'expect'.
test/scraping-scheduler.test.ts(40,7): error TS2304: Cannot find name 'expect'.
test/scraping-scheduler.test.ts(43,7): error TS2304: Cannot find name 'expect'.
test/scraping-scheduler.test.ts(44,7): error TS2304: Cannot find name 'expect'.
test/scraping-scheduler.test.ts(45,7): error TS2304: Cannot find name 'expect'.
test/scraping-scheduler.test.ts(46,7): error TS2304: Cannot find name 'expect'.
test/scraping-scheduler.test.ts(47,7): error TS2304: Cannot find name 'expect'.
test/scraping-scheduler.test.ts(48,7): error TS2304: Cannot find name 'expect'.
test/scraping-scheduler.test.ts(51,5): error TS2582: Cannot find name 'it'. Do you need to install type definitions for a test runner? Try `npm i --save-dev @types/jest` or `npm i --save-dev @types/mocha`.
test/scraping-scheduler.test.ts(53,9): error TS2345: Argument of type 'number' is not assignable to parameter of type 'string'.
test/scraping-scheduler.test.ts(58,9): error TS2345: Argument of type 'number' is not assignable to parameter of type 'string'.
test/scraping-scheduler.test.ts(62,7): error TS2304: Cannot find name 'expect'.
test/scraping-scheduler.test.ts(65,5): error TS2582: Cannot find name 'it'. Do you need to install type definitions for a test runner? Try `npm i --save-dev @types/jest` or `npm i --save-dev @types/mocha`.
test/scraping-scheduler.test.ts(67,9): error TS2345: Argument of type 'number' is not assignable to parameter of type 'string'.
test/scraping-scheduler.test.ts(72,9): error TS2345: Argument of type 'number' is not assignable to parameter of type 'string'.
test/scraping-scheduler.test.ts(79,7): error TS2304: Cannot find name 'expect'.
test/scraping-scheduler.test.ts(80,7): error TS2304: Cannot find name 'expect'.
test/scraping-scheduler.test.ts(83,5): error TS2582: Cannot find name 'it'. Do you need to install type definitions for a test runner? Try `npm i --save-dev @types/jest` or `npm i --save-dev @types/mocha`.
test/scraping-scheduler.test.ts(86,43): error TS2304: Cannot find name 'jest'.
test/scraping-scheduler.test.ts(90,13): error TS2304: Cannot find name 'expect'.
test/scraping-scheduler.test.ts(91,9): error TS2345: Argument of type 'number' is not assignable to parameter of type 'string'.
test/scraping-scheduler.test.ts(100,3): error TS2582: Cannot find name 'describe'. Do you need to install type definitions for a test runner? Try `npm i --save-dev @types/jest` or `npm i --save-dev @types/mocha`.
test/scraping-scheduler.test.ts(101,5): error TS2582: Cannot find name 'it'. Do you need to install type definitions for a test runner? Try `npm i --save-dev @types/jest` or `npm i --save-dev @types/mocha`.
test/scraping-scheduler.test.ts(113,61): error TS2345: Argument of type '{ id: number; name: string; domain: string; threatLevel: "high"; user_id: string; monitoring_status: "active"; created_at: Date; updated_at: Date; }' is not assignable to parameter of type 'CompetitorProfile'.
  Type '{ id: number; name: string; domain: string; threatLevel: "high"; user_id: string; monitoring_status: "active"; created_at: Date; updated_at: Date; }' is missing the following properties from type 'CompetitorProfile': userId, monitoringStatus, socialMediaHandles, keyPersonnel, and 7 more.
test/scraping-scheduler.test.ts(115,7): error TS2304: Cannot find name 'expect'.
test/scraping-scheduler.test.ts(119,7): error TS2304: Cannot find name 'expect'.
test/scraping-scheduler.test.ts(122,5): error TS2582: Cannot find name 'it'. Do you need to install type definitions for a test runner? Try `npm i --save-dev @types/jest` or `npm i --save-dev @types/mocha`.
test/scraping-scheduler.test.ts(145,69): error TS2345: Argument of type '{ id: number; name: string; domain: string; threatLevel: "critical"; user_id: string; monitoring_status: "active"; created_at: Date; updated_at: Date; }' is not assignable to parameter of type 'CompetitorProfile'.
  Type '{ id: number; name: string; domain: string; threatLevel: "critical"; user_id: string; monitoring_status: "active"; created_at: Date; updated_at: Date; }' is missing the following properties from type 'CompetitorProfile': userId, monitoringStatus, socialMediaHandles, keyPersonnel, and 7 more.
test/scraping-scheduler.test.ts(146,64): error TS2345: Argument of type '{ id: number; name: string; domain: string; threatLevel: "low"; user_id: string; monitoring_status: "active"; created_at: Date; updated_at: Date; }' is not assignable to parameter of type 'CompetitorProfile'.
  Type '{ id: number; name: string; domain: string; threatLevel: "low"; user_id: string; monitoring_status: "active"; created_at: Date; updated_at: Date; }' is missing the following properties from type 'CompetitorProfile': userId, monitoringStatus, socialMediaHandles, keyPersonnel, and 7 more.
test/scraping-scheduler.test.ts(152,7): error TS2304: Cannot find name 'expect'.
test/scraping-scheduler.test.ts(156,3): error TS2582: Cannot find name 'describe'. Do you need to install type definitions for a test runner? Try `npm i --save-dev @types/jest` or `npm i --save-dev @types/mocha`.
test/scraping-scheduler.test.ts(159,5): error TS2304: Cannot find name 'beforeEach'.
test/scraping-scheduler.test.ts(161,9): error TS2345: Argument of type 'number' is not assignable to parameter of type 'string'.
test/scraping-scheduler.test.ts(166,5): error TS2582: Cannot find name 'it'. Do you need to install type definitions for a test runner? Try `npm i --save-dev @types/jest` or `npm i --save-dev @types/mocha`.
test/scraping-scheduler.test.ts(168,7): error TS2304: Cannot find name 'expect'.
test/scraping-scheduler.test.ts(171,7): error TS2304: Cannot find name 'expect'.
test/scraping-scheduler.test.ts(174,5): error TS2582: Cannot find name 'it'. Do you need to install type definitions for a test runner? Try `npm i --save-dev @types/jest` or `npm i --save-dev @types/mocha`.
test/scraping-scheduler.test.ts(177,7): error TS2304: Cannot find name 'expect'.
test/scraping-scheduler.test.ts(180,7): error TS2304: Cannot find name 'expect'.
test/scraping-scheduler.test.ts(183,5): error TS2582: Cannot find name 'it'. Do you need to install type definitions for a test runner? Try `npm i --save-dev @types/jest` or `npm i --save-dev @types/mocha`.
test/scraping-scheduler.test.ts(185,7): error TS2304: Cannot find name 'expect'.
test/scraping-scheduler.test.ts(189,7): error TS2304: Cannot find name 'expect'.
test/scraping-scheduler.test.ts(192,5): error TS2582: Cannot find name 'it'. Do you need to install type definitions for a test runner? Try `npm i --save-dev @types/jest` or `npm i --save-dev @types/mocha`.
test/scraping-scheduler.test.ts(194,7): error TS2304: Cannot find name 'expect'.
test/scraping-scheduler.test.ts(198,3): error TS2582: Cannot find name 'describe'. Do you need to install type definitions for a test runner? Try `npm i --save-dev @types/jest` or `npm i --save-dev @types/mocha`.
test/scraping-scheduler.test.ts(199,5): error TS2582: Cannot find name 'it'. Do you need to install type definitions for a test runner? Try `npm i --save-dev @types/jest` or `npm i --save-dev @types/mocha`.
test/scraping-scheduler.test.ts(201,9): error TS2345: Argument of type 'number' is not assignable to parameter of type 'string'.
test/scraping-scheduler.test.ts(206,9): error TS2345: Argument of type 'number' is not assignable to parameter of type 'string'.
test/scraping-scheduler.test.ts(210,59): error TS2345: Argument of type 'number' is not assignable to parameter of type 'string'.
test/scraping-scheduler.test.ts(211,59): error TS2345: Argument of type 'number' is not assignable to parameter of type 'string'.
test/scraping-scheduler.test.ts(213,7): error TS2304: Cannot find name 'expect'.
test/scraping-scheduler.test.ts(214,7): error TS2304: Cannot find name 'expect'.
test/scraping-scheduler.test.ts(215,7): error TS2304: Cannot find name 'expect'.
test/scraping-scheduler.test.ts(216,7): error TS2304: Cannot find name 'expect'.
test/scraping-scheduler.test.ts(219,5): error TS2582: Cannot find name 'it'. Do you need to install type definitions for a test runner? Try `npm i --save-dev @types/jest` or `npm i --save-dev @types/mocha`.
test/scraping-scheduler.test.ts(220,48): error TS2345: Argument of type 'number' is not assignable to parameter of type 'string'.
test/scraping-scheduler.test.ts(221,7): error TS2304: Cannot find name 'expect'.
test/scraping-scheduler.test.ts(225,3): error TS2582: Cannot find name 'describe'. Do you need to install type definitions for a test runner? Try `npm i --save-dev @types/jest` or `npm i --save-dev @types/mocha`.
test/scraping-scheduler.test.ts(226,5): error TS2582: Cannot find name 'it'. Do you need to install type definitions for a test runner? Try `npm i --save-dev @types/jest` or `npm i --save-dev @types/mocha`.
test/scraping-scheduler.test.ts(228,9): error TS2345: Argument of type 'number' is not assignable to parameter of type 'string'.
test/scraping-scheduler.test.ts(236,7): error TS2304: Cannot find name 'expect'.
test/scraping-scheduler.test.ts(239,7): error TS2304: Cannot find name 'expect'.
test/scraping-scheduler.test.ts(244,7): error TS2304: Cannot find name 'expect'.
test/scraping-scheduler.test.ts(248,3): error TS2582: Cannot find name 'describe'. Do you need to install type definitions for a test runner? Try `npm i --save-dev @types/jest` or `npm i --save-dev @types/mocha`.
test/scraping-scheduler.test.ts(249,5): error TS2582: Cannot find name 'it'. Do you need to install type definitions for a test runner? Try `npm i --save-dev @types/jest` or `npm i --save-dev @types/mocha`.
test/scraping-scheduler.test.ts(251,35): error TS2345: Argument of type 'number' is not assignable to parameter of type 'string'.
test/scraping-scheduler.test.ts(252,35): error TS2345: Argument of type 'number' is not assignable to parameter of type 'string'.
test/scraping-scheduler.test.ts(256,7): error TS2304: Cannot find name 'expect'.
test/scraping-scheduler.test.ts(257,7): error TS2304: Cannot find name 'expect'.
test/scraping-scheduler.test.ts(258,7): error TS2304: Cannot find name 'expect'.
test/scraping-scheduler.test.ts(259,7): error TS2304: Cannot find name 'expect'.
test/scraping-scheduler.test.ts(260,7): error TS2304: Cannot find name 'expect'.
test/scraping-scheduler.test.ts(263,5): error TS2582: Cannot find name 'it'. Do you need to install type definitions for a test runner? Try `npm i --save-dev @types/jest` or `npm i --save-dev @types/mocha`.
test/scraping-scheduler.test.ts(264,49): error TS2345: Argument of type 'number' is not assignable to parameter of type 'string'.
test/scraping-scheduler.test.ts(269,7): error TS2304: Cannot find name 'expect'.
test/scraping-scheduler.test.ts(273,3): error TS2582: Cannot find name 'describe'. Do you need to install type definitions for a test runner? Try `npm i --save-dev @types/jest` or `npm i --save-dev @types/mocha`.
test/scraping-scheduler.test.ts(274,5): error TS2582: Cannot find name 'it'. Do you need to install type definitions for a test runner? Try `npm i --save-dev @types/jest` or `npm i --save-dev @types/mocha`.
test/scraping-scheduler.test.ts(275,49): error TS2345: Argument of type 'number' is not assignable to parameter of type 'string'.
test/scraping-scheduler.test.ts(279,7): error TS2304: Cannot find name 'expect'.
test/scraping-scheduler.test.ts(286,3): error TS2582: Cannot find name 'describe'. Do you need to install type definitions for a test runner? Try `npm i --save-dev @types/jest` or `npm i --save-dev @types/mocha`.
test/scraping-scheduler.test.ts(287,5): error TS2582: Cannot find name 'it'. Do you need to install type definitions for a test runner? Try `npm i --save-dev @types/jest` or `npm i --save-dev @types/mocha`.
test/scraping-scheduler.test.ts(327,72): error TS2345: Argument of type '{ id: string; jobType: "website"; competitorId: number; userId: string; url: string; priority: "medium"; frequency: { type: "interval"; value: number; }; nextRunAt: Date; retryCount: number; ... 4 more ...; updatedAt: Date; }' is not assignable to parameter of type 'ScrapingJob'.
  Types of property 'competitorId' are incompatible.
    Type 'number' is not assignable to type 'string'.
test/scraping-scheduler.test.ts(328,7): error TS2304: Cannot find name 'expect'.
test/scraping-scheduler.test.ts(329,7): error TS2304: Cannot find name 'expect'.
test/scraping-scheduler.test.ts(340,81): error TS2345: Argument of type '{ id: string; jobType: "website"; competitorId: number; userId: string; url: string; priority: "medium"; frequency: { type: "interval"; value: number; }; nextRunAt: Date; retryCount: number; ... 4 more ...; updatedAt: Date; }' is not assignable to parameter of type 'ScrapingJob'.
  Types of property 'competitorId' are incompatible.
    Type 'number' is not assignable to type 'string'.
test/scraping-scheduler.test.ts(341,7): error TS2304: Cannot find name 'expect'.
test/scraping-scheduler.test.ts(342,7): error TS2304: Cannot find name 'expect'.
test/templates-delete.test.ts(6,1): error TS2304: Cannot find name 'jest'.
test/templates-delete.test.ts(7,7): error TS2304: Cannot find name 'jest'.
test/templates-delete.test.ts(10,1): error TS2304: Cannot find name 'jest'.
test/templates-delete.test.ts(11,24): error TS2304: Cannot find name 'jest'.
test/templates-delete.test.ts(14,1): error TS2304: Cannot find name 'jest'.
test/templates-delete.test.ts(15,10): error TS2304: Cannot find name 'jest'.
test/templates-delete.test.ts(18,1): error TS2582: Cannot find name 'describe'. Do you need to install type definitions for a test runner? Try `npm i --save-dev @types/jest` or `npm i --save-dev @types/mocha`.
test/templates-delete.test.ts(19,35): error TS2304: Cannot find name 'jest'.
test/templates-delete.test.ts(20,26): error TS2503: Cannot find namespace 'jest'.
test/templates-delete.test.ts(22,21): error TS2304: Cannot find name 'jest'.
test/templates-delete.test.ts(23,12): error TS2503: Cannot find namespace 'jest'.
test/templates-delete.test.ts(27,81): error TS2307: Cannot find module '@/app/api/templates/[id]/route' or its corresponding type declarations.
test/templates-delete.test.ts(33,3): error TS2304: Cannot find name 'beforeEach'.
test/templates-delete.test.ts(34,5): error TS2304: Cannot find name 'jest'.
test/templates-delete.test.ts(39,3): error TS2582: Cannot find name 'it'. Do you need to install type definitions for a test runner? Try `npm i --save-dev @types/jest` or `npm i --save-dev @types/mocha`.
test/templates-delete.test.ts(43,5): error TS2304: Cannot find name 'expect'.
test/templates-delete.test.ts(45,5): error TS2304: Cannot find name 'expect'.
test/templates-delete.test.ts(46,5): error TS2304: Cannot find name 'expect'.
test/templates-delete.test.ts(49,3): error TS2582: Cannot find name 'it'. Do you need to install type definitions for a test runner? Try `npm i --save-dev @types/jest` or `npm i --save-dev @types/mocha`.
test/templates-delete.test.ts(51,23): error TS2304: Cannot find name 'jest'.
test/templates-delete.test.ts(56,5): error TS2304: Cannot find name 'expect'.
test/templates-delete.test.ts(58,5): error TS2304: Cannot find name 'expect'.
test/templates-delete.test.ts(60,5): error TS2304: Cannot find name 'expect'.
test/templates-delete.test.ts(80,5): error TS2304: Cannot find name 'expect'.
test/templates-delete.test.ts(81,5): error TS2304: Cannot find name 'expect'.
test/templates-delete.test.ts(84,3): error TS2582: Cannot find name 'it'. Do you need to install type definitions for a test runner? Try `npm i --save-dev @types/jest` or `npm i --save-dev @types/mocha`.
test/templates-delete.test.ts(86,23): error TS2304: Cannot find name 'jest'.
test/templates-delete.test.ts(91,5): error TS2304: Cannot find name 'expect'.
test/templates-delete.test.ts(93,5): error TS2304: Cannot find name 'expect'.
test/templates-delete.test.ts(110,5): error TS2304: Cannot find name 'expect'.
test/web-scraping-service.test.ts(1,67): error TS2307: Cannot find module '@jest/globals' or its corresponding type declarations.
tests/auth-flow.spec.ts(1,30): error TS2307: Cannot find module '@playwright/test' or its corresponding type declarations.
tests/templates.spec.ts(1,30): error TS2307: Cannot find module '@playwright/test' or its corresponding type declarations.
